Component: ARM Compiler 5.06 update 7 (build 960) Tool: armlink [4d3601]

==============================================================================

Section Cross References

    main.o(i.CONTROL_Loop) refers to main.o(i.TASK_1MS) for TASK_1MS
    main.o(i.CONTROL_Loop) refers to main.o(i.TASK_10MS) for TASK_10MS
    main.o(i.CONTROL_Loop) refers to main.o(i.Remoto_Task) for Remoto_Task
    main.o(i.CONTROL_Loop) refers to main.o(i.TASK_50MS) for TASK_50MS
    main.o(i.CONTROL_Loop) refers to main.o(i.TASK_100MS) for TASK_100MS
    main.o(i.CONTROL_Loop) refers to main.o(i.TASK_1000MS) for TASK_1000MS
    main.o(i.CONTROL_Loop) refers to task.o(.data) for count_1ms
    main.o(i.Remoto_Task) refers to main.o(.data) for debugCount
    main.o(i.TASK_1000MS) refers to adc.o(i.Get_Adc_Average) for Get_Adc_Average
    main.o(i.TASK_1000MS) refers to fflt_clz.o(x$fpl$ffltu) for __aeabi_ui2f
    main.o(i.TASK_1000MS) refers to f2d.o(x$fpl$f2d) for __aeabi_f2d
    main.o(i.TASK_1000MS) refers to ddiv.o(x$fpl$ddiv) for __aeabi_ddiv
    main.o(i.TASK_1000MS) refers to dfix.o(x$fpl$dfix) for __aeabi_d2iz
    main.o(i.TASK_1000MS) refers to dflt_clz.o(x$fpl$dfltu) for __aeabi_ui2d
    main.o(i.TASK_1000MS) refers to dmul.o(x$fpl$dmul) for __aeabi_dmul
    main.o(i.TASK_1000MS) refers to iwdg.o(i.IWDG_Feed) for IWDG_Feed
    main.o(i.TASK_1000MS) refers to main.o(.data) for ADC_CH17
    main.o(i.TASK_100MS) refers to adc.o(i.Get_Adc_Average) for Get_Adc_Average
    main.o(i.TASK_100MS) refers to fflt_clz.o(x$fpl$ffltu) for __aeabi_ui2f
    main.o(i.TASK_100MS) refers to fflt_clz.o(x$fpl$fflt) for __aeabi_i2f
    main.o(i.TASK_100MS) refers to fmul.o(x$fpl$fmul) for __aeabi_fmul
    main.o(i.TASK_100MS) refers to f2d.o(x$fpl$f2d) for __aeabi_f2d
    main.o(i.TASK_100MS) refers to ddiv.o(x$fpl$ddiv) for __aeabi_ddiv
    main.o(i.TASK_100MS) refers to dfix.o(x$fpl$dfix) for __aeabi_d2iz
    main.o(i.TASK_100MS) refers to main.o(.data) for ADC_MotorCur
    main.o(i.TASK_10MS) refers to main.o(i.Remoto_Task) for Remoto_Task
    main.o(i.TASK_50MS) refers to main.o(.data) for Pack_Vol
    main.o(i.main) refers to stm32f10x_dbgmcu.o(i.DBGMCU_Config) for DBGMCU_Config
    main.o(i.main) refers to misc.o(i.NVIC_PriorityGroupConfig) for NVIC_PriorityGroupConfig
    main.o(i.main) refers to usart.o(i.usart2_Init) for usart2_Init
    main.o(i.main) refers to led.o(i.LED_Init) for LED_Init
    main.o(i.main) refers to led.o(i.BUZZER_Init) for BUZZER_Init
    main.o(i.main) refers to adc.o(i.Adc_Init) for Adc_Init
    main.o(i.main) refers to motor.o(i.MotorIO_Init) for MotorIO_Init
    main.o(i.main) refers to timer.o(i.MotorPWM_Init) for MotorPWM_Init
    main.o(i.main) refers to motor.o(i.car_state) for car_state
    main.o(i.main) refers to iwdg.o(i.IWDG_Init) for IWDG_Init
    main.o(i.main) refers to main.o(i.CONTROL_Loop) for CONTROL_Loop
    main.o(i.main) refers to system_stm32f10x.o(.data) for SystemCoreClock
    stm32f10x_it.o(i.SysTick_Handler) refers to task.o(i.task_counter) for task_counter
    system_stm32f10x.o(i.SetSysClock) refers to system_stm32f10x.o(i.SetSysClockTo72) for SetSysClockTo72
    system_stm32f10x.o(i.SystemCoreClockUpdate) refers to system_stm32f10x.o(.data) for SystemCoreClock
    system_stm32f10x.o(i.SystemInit) refers to system_stm32f10x.o(i.SetSysClock) for SetSysClock
    startup_stm32f10x_md.o(STACK) refers (Special) to heapauxi.o(.text) for __use_two_region_memory
    startup_stm32f10x_md.o(HEAP) refers (Special) to heapauxi.o(.text) for __use_two_region_memory
    startup_stm32f10x_md.o(RESET) refers (Special) to heapauxi.o(.text) for __use_two_region_memory
    startup_stm32f10x_md.o(RESET) refers to startup_stm32f10x_md.o(STACK) for __initial_sp
    startup_stm32f10x_md.o(RESET) refers to startup_stm32f10x_md.o(.text) for Reset_Handler
    startup_stm32f10x_md.o(RESET) refers to stm32f10x_it.o(i.NMI_Handler) for NMI_Handler
    startup_stm32f10x_md.o(RESET) refers to stm32f10x_it.o(i.HardFault_Handler) for HardFault_Handler
    startup_stm32f10x_md.o(RESET) refers to stm32f10x_it.o(i.MemManage_Handler) for MemManage_Handler
    startup_stm32f10x_md.o(RESET) refers to stm32f10x_it.o(i.BusFault_Handler) for BusFault_Handler
    startup_stm32f10x_md.o(RESET) refers to stm32f10x_it.o(i.UsageFault_Handler) for UsageFault_Handler
    startup_stm32f10x_md.o(RESET) refers to stm32f10x_it.o(i.SVC_Handler) for SVC_Handler
    startup_stm32f10x_md.o(RESET) refers to stm32f10x_it.o(i.DebugMon_Handler) for DebugMon_Handler
    startup_stm32f10x_md.o(RESET) refers to stm32f10x_it.o(i.PendSV_Handler) for PendSV_Handler
    startup_stm32f10x_md.o(RESET) refers to stm32f10x_it.o(i.SysTick_Handler) for SysTick_Handler
    startup_stm32f10x_md.o(RESET) refers to usart.o(i.USART1_IRQHandler) for USART1_IRQHandler
    startup_stm32f10x_md.o(RESET) refers to usart.o(i.USART2_IRQHandler) for USART2_IRQHandler
    startup_stm32f10x_md.o(.text) refers (Special) to heapauxi.o(.text) for __use_two_region_memory
[...]
    Removing stm32f10x_tim.o(i.TIM_ClearOC1Ref), (18 bytes).
    Removing stm32f10x_tim.o(i.TIM_ClearOC2Ref), (24 bytes).
    Removing stm32f10x_tim.o(i.TIM_ClearOC3Ref), (18 bytes).
    Removing stm32f10x_tim.o(i.TIM_ClearOC4Ref), (24 bytes).
    Removing stm32f10x_tim.o(i.TIM_CounterModeConfig), (18 bytes).
    Removing stm32f10x_tim.o(i.TIM_DMACmd), (18 bytes).
    Removing stm32f10x_tim.o(i.TIM_DMAConfig), (10 bytes).
    Removing stm32f10x_tim.o(i.TIM_DeInit), (488 bytes).
    Removing stm32f10x_tim.o(i.TIM_ETRClockMode1Config), (54 bytes).
    Removing stm32f10x_tim.o(i.TIM_ETRClockMode2Config), (32 bytes).
    Removing stm32f10x_tim.o(i.TIM_ETRConfig), (28 bytes).
    Removing stm32f10x_tim.o(i.TIM_EncoderInterfaceConfig), (66 bytes).
    Removing stm32f10x_tim.o(i.TIM_ForcedOC1Config), (18 bytes).
    Removing stm32f10x_tim.o(i.TIM_ForcedOC2Config), (26 bytes).
    Removing stm32f10x_tim.o(i.TIM_ForcedOC3Config), (18 bytes).
    Removing stm32f10x_tim.o(i.TIM_ForcedOC4Config), (26 bytes).
    Removing stm32f10x_tim.o(i.TIM_GenerateEvent), (4 bytes).
    Removing stm32f10x_tim.o(i.TIM_GetCapture1), (6 bytes).
    Removing stm32f10x_tim.o(i.TIM_GetCapture2), (6 bytes).
    Removing stm32f10x_tim.o(i.TIM_GetCapture3), (6 bytes).
    Removing stm32f10x_tim.o(i.TIM_GetCapture4), (8 bytes).
    Removing stm32f10x_tim.o(i.TIM_GetCounter), (6 bytes).
    Removing stm32f10x_tim.o(i.TIM_GetFlagStatus), (18 bytes).
    Removing stm32f10x_tim.o(i.TIM_GetITStatus), (34 bytes).
    Removing stm32f10x_tim.o(i.TIM_GetPrescaler), (6 bytes).
    Removing stm32f10x_tim.o(i.TIM_ICInit), (172 bytes).
    Removing stm32f10x_tim.o(i.TIM_ICStructInit), (18 bytes).
    Removing stm32f10x_tim.o(i.TIM_ITConfig), (18 bytes).
    Removing stm32f10x_tim.o(i.TIM_ITRxExternalClockConfig), (24 bytes).
    Removing stm32f10x_tim.o(i.TIM_InternalClockConfig), (12 bytes).
    Removing stm32f10x_tim.o(i.TIM_OC1FastConfig), (18 bytes).
    Removing stm32f10x_tim.o(i.TIM_OC1NPolarityConfig), (18 bytes).
    Removing stm32f10x_tim.o(i.TIM_OC1PolarityConfig), (18 bytes).
    Removing stm32f10x_tim.o(i.TIM_OC2FastConfig), (26 bytes).
    Removing stm32f10x_tim.o(i.TIM_OC2NPolarityConfig), (26 bytes).
    Removing stm32f10x_tim.o(i.TIM_OC2PolarityConfig), (26 bytes).
    Removing stm32f10x_tim.o(i.TIM_OC3FastConfig), (18 bytes).
    Removing stm32f10x_tim.o(i.TIM_OC3NPolarityConfig), (26 bytes).
    Removing stm32f10x_tim.o(i.TIM_OC3PolarityConfig), (26 bytes).
    Removing stm32f10x_tim.o(i.TIM_OC4FastConfig), (26 bytes).
    Removing stm32f10x_tim.o(i.TIM_OC4PolarityConfig), (26 bytes).
    Removing stm32f10x_tim.o(i.TIM_OCStructInit), (20 bytes).
    Removing stm32f10x_tim.o(i.TIM_PWMIConfig), (124 bytes).
    Removing stm32f10x_tim.o(i.TIM_PrescalerConfig), (6 bytes).
    Removing stm32f10x_tim.o(i.TIM_SelectCCDMA), (24 bytes).
    Removing stm32f10x_tim.o(i.TIM_SelectCOM), (24 bytes).
    Removing stm32f10x_tim.o(i.TIM_SelectHallSensor), (24 bytes).
    Removing stm32f10x_tim.o(i.TIM_SelectInputTrigger), (18 bytes).
    Removing stm32f10x_tim.o(i.TIM_SelectMasterSlaveMode), (18 bytes).
    Removing stm32f10x_tim.o(i.TIM_SelectOCxM), (82 bytes).
    Removing stm32f10x_tim.o(i.TIM_SelectOnePulseMode), (18 bytes).
    Removing stm32f10x_tim.o(i.TIM_SelectOutputTrigger), (18 bytes).
    Removing stm32f10x_tim.o(i.TIM_SelectSlaveMode), (18 bytes).
    Removing stm32f10x_tim.o(i.TIM_SetAutoreload), (4 bytes).
    Removing stm32f10x_tim.o(i.TIM_SetClockDivision), (18 bytes).
    Removing stm32f10x_tim.o(i.TIM_SetCounter), (4 bytes).
    Removing stm32f10x_tim.o(i.TIM_SetIC1Prescaler), (18 bytes).
    Removing stm32f10x_tim.o(i.TIM_SetIC2Prescaler), (26 bytes).
    Removing stm32f10x_tim.o(i.TIM_SetIC3Prescaler), (18 bytes).
    Removing stm32f10x_tim.o(i.TIM_SetIC4Prescaler), (26 bytes).
    Removing stm32f10x_tim.o(i.TIM_TIxExternalClockConfig), (62 bytes).
    Removing stm32f10x_tim.o(i.TIM_TimeBaseStructInit), (18 bytes).
    Removing stm32f10x_tim.o(i.TIM_UpdateDisableConfig), (24 bytes).
    Removing stm32f10x_tim.o(i.TIM_UpdateRequestConfig), (24 bytes).
    Removing stm32f10x_usart.o(i.USART_ClearITPendingBit), (30 bytes).
    Removing stm32f10x_usart.o(i.USART_ClockInit), (34 bytes).
    Removing stm32f10x_usart.o(i.USART_ClockStructInit), (12 bytes).
    Removing stm32f10x_usart.o(i.USART_DMACmd), (18 bytes).
    Removing stm32f10x_usart.o(i.USART_DeInit), (156 bytes).
    Removing stm32f10x_usart.o(i.USART_GetFlagStatus), (26 bytes).
    Removing stm32f10x_usart.o(i.USART_HalfDuplexCmd), (24 bytes).
    Removing stm32f10x_usart.o(i.USART_IrDACmd), (24 bytes).
    Removing stm32f10x_usart.o(i.USART_IrDAConfig), (18 bytes).
    Removing stm32f10x_usart.o(i.USART_LINBreakDetectLengthConfig), (18 bytes).
    Removing stm32f10x_usart.o(i.USART_LINCmd), (24 bytes).
    Removing stm32f10x_usart.o(i.USART_OneBitMethodCmd), (24 bytes).
    Removing stm32f10x_usart.o(i.USART_OverSampling8Cmd), (22 bytes).
    Removing stm32f10x_usart.o(i.USART_ReceiverWakeUpCmd), (24 bytes).
    Removing stm32f10x_usart.o(i.USART_SendBreak), (10 bytes).
    Removing stm32f10x_usart.o(i.USART_SendData), (8 bytes).
    Removing stm32f10x_usart.o(i.USART_SetAddress), (18 bytes).
    Removing stm32f10x_usart.o(i.USART_SetGuardTime), (16 bytes).
    Removing stm32f10x_usart.o(i.USART_SetPrescaler), (16 bytes).
    Removing stm32f10x_usart.o(i.USART_SmartCardCmd), (24 bytes).
    Removing stm32f10x_usart.o(i.USART_SmartCardNACKCmd), (24 bytes).
    Removing stm32f10x_usart.o(i.USART_StructInit), (24 bytes).
    Removing stm32f10x_usart.o(i.USART_WakeUpConfig), (18 bytes).
    Removing stm32f10x_wwdg.o(i.WWDG_ClearFlag), (12 bytes).
    Removing stm32f10x_wwdg.o(i.WWDG_DeInit), (22 bytes).
    Removing stm32f10x_wwdg.o(i.WWDG_Enable), (16 bytes).
    Removing stm32f10x_wwdg.o(i.WWDG_EnableIT), (12 bytes).
    Removing stm32f10x_wwdg.o(i.WWDG_GetFlagStatus), (12 bytes).
    Removing stm32f10x_wwdg.o(i.WWDG_SetCounter), (16 bytes).
    Removing stm32f10x_wwdg.o(i.WWDG_SetPrescaler), (24 bytes).
    Removing stm32f10x_wwdg.o(i.WWDG_SetWindowValue), (40 bytes).
    Removing usart.o(i.fputc), (28 bytes).
    Removing usart.o(i.uart1_Init), (160 bytes).
    Removing delay.o(i.delay_init), (68 bytes).
    Removing delay.o(i.delay_ms), (76 bytes).
    Removing delay.o(i.delay_us), (76 bytes).
    Removing delay.o(.data), (4 bytes).
    Removing sys.o(.emb_text), (6 bytes).
    Removing sys.o(i.INTX_DISABLE), (4 bytes).
    Removing sys.o(i.INTX_ENABLE), (4 bytes).
    Removing sys.o(i.WFI_SET), (4 bytes).
    Removing motor.o(i.CalculateSmoothYaw), (92 bytes).
    Removing motor.o(i.SlidingMedianFilter), (140 bytes).
    Removing rocker.o(i.ROCKER_AdcToUint8), (6 bytes).
    Removing rocker.o(i.ROCKER_Uint8ToAdc), (12 bytes).
    Removing rocker.o(i.ROCKER_Uint8ToVol), (18 bytes).
    Removing spi.o(i.SPI1_Init), (120 bytes).
    Removing spi.o(i.SPI1_ReadWriteByte), (84 bytes).
    Removing spi.o(i.SPI1_SetSpeed), (40 bytes).
    Removing spi.o(.bss), (18 bytes).
    Removing timer.o(i.TIM2_Int_Init), (90 bytes).

444 unused section(s) (total 17676 bytes) removed from the image.

==============================================================================

Image Symbol Table

    Local Symbols

    Symbol Name                              Value     Ov Type        Size  Object(Section)

    ../clib/angel/boardlib.s                 0x00000000   Number         0  boardinit3.o ABSOLUTE
    ../clib/angel/boardlib.s                 0x00000000   Number         0  boardinit1.o ABSOLUTE
    ../clib/angel/boardlib.s                 0x00000000   Number         0  boardinit2.o ABSOLUTE
    ../clib/angel/boardlib.s                 0x00000000   Number         0  boardshut.o ABSOLUTE
    ../clib/angel/handlers.s                 0x00000000   Number         0  __scatter_zi.o ABSOLUTE
    ../clib/angel/handlers.s                 0x00000000   Number         0  __scatter_copy.o ABSOLUTE
    ../clib/angel/kernel.s                   0x00000000   Number         0  __rtentry.o ABSOLUTE
    ../clib/angel/kernel.s                   0x00000000   Number         0  __rtentry4.o ABSOLUTE
    ../clib/angel/kernel.s                   0x00000000   Number         0  __rtentry2.o ABSOLUTE
    ../clib/angel/kernel.s                   0x00000000   Number         0  rtexit2.o ABSOLUTE
    ../clib/angel/kernel.s                   0x00000000   Number         0  rtexit.o ABSOLUTE
    ../clib/angel/rt.s                       0x00000000   Number         0  rt_raise.o ABSOLUTE
    ../clib/angel/scatter.s                  0x00000000   Number         0  __scatter.o ABSOLUTE
    ../clib/angel/startup.s                  0x00000000   Number         0  __main.o ABSOLUTE
    ../clib/angel/sys.s                      0x00000000   Number         0  sys_stackheap_outer.o ABSOLUTE
    ../clib/angel/sys.s                      0x00000000   Number         0  use_no_semi_2.o ABSOLUTE
    ../clib/angel/sys.s                      0x00000000   Number         0  use_no_semi.o ABSOLUTE
    ../clib/angel/sys.s                      0x00000000   Number         0  indicate_semi.o ABSOLUTE
    ../clib/angel/sys.s                      0x00000000   Number         0  libspace.o ABSOLUTE
    ../clib/angel/sysapp.c                   0x00000000   Number         0  sys_command.o ABSOLUTE
    ../clib/angel/sysapp.c                   0x00000000   Number         0  sys_wrch.o ABSOLUTE
    ../clib/armsys.c                         0x00000000   Number         0  no_argv.o ABSOLUTE
    ../clib/armsys.c                         0x00000000   Number         0  _get_argv_nomalloc.o ABSOLUTE
    ../clib/armsys.c                         0x00000000   Number         0  argv_veneer.o ABSOLUTE
    ../clib/armsys.c                         0x00000000   Number         0  argv_veneer.o ABSOLUTE
    ../clib/heapalloc.c                      0x00000000   Number         0  hrguard.o ABSOLUTE
    ../clib/heapaux.c                        0x00000000   Number         0  heapauxi.o ABSOLUTE
    ../clib/libinit.s                        0x00000000   Number         0  libinit.o ABSOLUTE
    ../clib/libinit.s                        0x00000000   Number         0  libinit2.o ABSOLUTE
    ../clib/libinit.s                        0x00000000   Number         0  libshutdown2.o ABSOLUTE
    ../clib/libinit.s                        0x00000000   Number         0  libshutdown.o ABSOLUTE
    ../clib/memcpset.s                       0x00000000   Number         0  rt_memclr_w.o ABSOLUTE
    ../clib/memcpset.s                       0x00000000   Number         0  rt_memclr.o ABSOLUTE
    ../clib/signal.c                         0x00000000   Number         0  defsig_pvfn_inner.o ABSOLUTE
    ../clib/signal.c                         0x00000000   Number         0  defsig_other.o ABSOLUTE
    ../clib/signal.c                         0x00000000   Number         0  defsig_cppl_inner.o ABSOLUTE
    ../clib/signal.c                         0x00000000   Number         0  defsig_rtmem_outer.o ABSOLUTE
    ../clib/signal.c                         0x00000000   Number         0  defsig_rtmem_formal.o ABSOLUTE
    ../clib/signal.c                         0x00000000   Number         0  defsig_exit.o ABSOLUTE
    ../clib/signal.c                         0x00000000   Number         0  defsig_rtmem_inner.o ABSOLUTE
    ../clib/signal.c                         0x00000000   Number         0  __raise.o ABSOLUTE
    ../clib/signal.c                         0x00000000   Number         0  defsig_stak_inner.o ABSOLUTE
    ../clib/signal.c                         0x00000000   Number         0  defsig_general.o ABSOLUTE
    ../clib/signal.c                         0x00000000   Number         0  defsig_abrt_inner.o ABSOLUTE
    ../clib/signal.c                         0x00000000   Number         0  defsig_fpe_inner.o ABSOLUTE
    ../clib/signal.c                         0x00000000   Number         0  defsig_rtred_inner.o ABSOLUTE
    ../clib/signal.c                         0x00000000   Number         0  defsig_segv_inner.o ABSOLUTE
    ../clib/signal.s                         0x00000000   Number         0  defsig.o ABSOLUTE
    ../clib/stdlib.c                         0x00000000   Number         0  exit.o ABSOLUTE
    ../fplib/ddiv.s                          0x00000000   Number         0  ddiv.o ABSOLUTE
    ../fplib/dfix.s                          0x00000000   Number         0  dfix.o ABSOLUTE
    ../fplib/dflt.s                          0x00000000   Number         0  dflt_clz.o ABSOLUTE
    ../fplib/dmul.s                          0x00000000   Number         0  dmul.o ABSOLUTE
    ../fplib/dnaninf.s                       0x00000000   Number         0  dnaninf.o ABSOLUTE
    ../fplib/dretinf.s                       0x00000000   Number         0  dretinf.o ABSOLUTE
    ../fplib/f2d.s                           0x00000000   Number         0  f2d.o ABSOLUTE
    ../fplib/fflt.s                          0x00000000   Number         0  fflt_clz.o ABSOLUTE
    ../fplib/fmul.s                          0x00000000   Number         0  fmul.o ABSOLUTE
    ../fplib/fnaninf.s                       0x00000000   Number         0  fnaninf.o ABSOLUTE
    ../fplib/fpinit.s                        0x00000000   Number         0  fpinit.o ABSOLUTE
    ../fplib/fretinf.s                       0x00000000   Number         0  fretinf.o ABSOLUTE
    ../fplib/usenofp.s                       0x00000000   Number         0  usenofp.o ABSOLUTE
    ..\CORE\core_cm3.c                       0x00000000   Number         0  core_cm3.o ABSOLUTE
    ..\CORE\startup_stm32f10x_md.s           0x00000000   Number         0  startup_stm32f10x_md.o ABSOLUTE
    ..\HARDWARE\adc.c                        0x00000000   Number         0  adc.o ABSOLUTE
    ..\HARDWARE\iwdg.c                       0x00000000   Number         0  iwdg.o ABSOLUTE
    ..\HARDWARE\key.c                        0x00000000   Number         0  key.o ABSOLUTE
    ..\HARDWARE\led.c                        0x00000000   Number         0  led.o ABSOLUTE
    ..\HARDWARE\motor.c                      0x00000000   Number         0  motor.o ABSOLUTE
    ..\HARDWARE\rocker.c                     0x00000000   Number         0  rocker.o ABSOLUTE
    ..\HARDWARE\spi.c                        0x00000000   Number         0  spi.o ABSOLUTE
    ..\HARDWARE\task.c                       0x00000000   Number         0  task.o ABSOLUTE
    ..\HARDWARE\timer.c                      0x00000000   Number         0  timer.o ABSOLUTE
    ..\STM32F1x_FWLIB\src\misc.c             0x00000000   Number         0  misc.o ABSOLUTE
    ..\STM32F1x_FWLIB\src\stm32f10x_adc.c    0x00000000   Number         0  stm32f10x_adc.o ABSOLUTE
    ..\STM32F1x_FWLIB\src\stm32f10x_bkp.c    0x00000000   Number         0  stm32f10x_bkp.o ABSOLUTE
    ..\STM32F1x_FWLIB\src\stm32f10x_can.c    0x00000000   Number         0  stm32f10x_can.o ABSOLUTE
    ..\STM32F1x_FWLIB\src\stm32f10x_cec.c    0x00000000   Number         0  stm32f10x_cec.o ABSOLUTE
    ..\STM32F1x_FWLIB\src\stm32f10x_crc.c    0x00000000   Number         0  stm32f10x_crc.o ABSOLUTE
    ..\STM32F1x_FWLIB\src\stm32f10x_dac.c    0x00000000   Number         0  stm32f10x_dac.o ABSOLUTE
    ..\STM32F1x_FWLIB\src\stm32f10x_dbgmcu.c 0x00000000   Number         0  stm32f10x_dbgmcu.o ABSOLUTE
    ..\STM32F1x_FWLIB\src\stm32f10x_dma.c    0x00000000   Number         0  stm32f10x_dma.o ABSOLUTE
    ..\STM32F1x_FWLIB\src\stm32f10x_exti.c   0x00000000   Number         0  stm32f10x_exti.o ABSOLUTE
    ..\STM32F1x_FWLIB\src\stm32f10x_flash.c  0x00000000   Number         0  stm32f10x_flash.o ABSOLUTE
    ..\STM32F1x_FWLIB\src\stm32f10x_fsmc.c   0x00000000   Number         0  stm32f10x_fsmc.o ABSOLUTE
    ..\STM32F1x_FWLIB\src\stm32f10x_gpio.c   0x00000000   Number         0  stm32f10x_gpio.o ABSOLUTE
    ..\STM32F1x_FWLIB\src\stm32f10x_i2c.c    0x00000000   Number         0  stm32f10x_i2c.o ABSOLUTE
    ..\STM32F1x_FWLIB\src\stm32f10x_iwdg.c   0x00000000   Number         0  stm32f10x_iwdg.o ABSOLUTE
    ..\STM32F1x_FWLIB\src\stm32f10x_pwr.c    0x00000000   Number         0  stm32f10x_pwr.o ABSOLUTE
    ..\STM32F1x_FWLIB\src\stm32f10x_rcc.c    0x00000000   Number         0  stm32f10x_rcc.o ABSOLUTE
    ..\STM32F1x_FWLIB\src\stm32f10x_rtc.c    0x00000000   Number         0  stm32f10x_rtc.o ABSOLUTE
    ..\STM32F1x_FWLIB\src\stm32f10x_sdio.c   0x00000000   Number         0  stm32f10x_sdio.o ABSOLUTE
    ..\STM32F1x_FWLIB\src\stm32f10x_spi.c    0x00000000   Number         0  stm32f10x_spi.o ABSOLUTE
    ..\STM32F1x_FWLIB\src\stm32f10x_tim.c    0x00000000   Number         0  stm32f10x_tim.o ABSOLUTE
    ..\STM32F1x_FWLIB\src\stm32f10x_usart.c  0x00000000   Number         0  stm32f10x_usart.o ABSOLUTE
    ..\STM32F1x_FWLIB\src\stm32f10x_wwdg.c   0x00000000   Number         0  stm32f10x_wwdg.o ABSOLUTE
    ..\SYSTEM\delay\delay.c                  0x00000000   Number         0  delay.o ABSOLUTE
    ..\SYSTEM\sys\sys.c                      0x00000000   Number         0  sys.o ABSOLUTE
    ..\SYSTEM\usart\usart.c                  0x00000000   Number         0  usart.o ABSOLUTE
    ..\\CORE\\core_cm3.c                     0x00000000   Number         0  core_cm3.o ABSOLUTE
    ..\\SYSTEM\\sys\\sys.c                   0x00000000   Number         0  sys.o ABSOLUTE
    dc.s                                     0x00000000   Number         0  dc.o ABSOLUTE
    main.c                                   0x00000000   Number         0  main.o ABSOLUTE
    stm32f10x_it.c                           0x00000000   Number         0  stm32f10x_it.o ABSOLUTE
    system_stm32f10x.c                       0x00000000   Number         0  system_stm32f10x.o ABSOLUTE
    RESET                                    0x08000000   Section      236  startup_stm32f10x_md.o(RESET)
    !!!main                                  0x080000ec   Section        8  __main.o(!!!main)
    !!!scatter                               0x080000f4   Section       52  __scatter.o(!!!scatter)
    !!handler_copy                           0x08000128   Section       26  __scatter_copy.o(!!handler_copy)
    !!handler_zi                             0x08000144   Section       28  __scatter_zi.o(!!handler_zi)
    .ARM.Collect$$libinit$$00000000          0x08000160   Section        2  libinit.o(.ARM.Collect$$libinit$$00000000)
    .ARM.Collect$$libinit$$00000002          0x08000162   Section        0  libinit2.o(.ARM.Collect$$libinit$$00000002)
    .ARM.Collect$$libinit$$00000004          0x08000162   Section        0  libinit2.o(.ARM.Collect$$libinit$$00000004)
    .ARM.Collect$$libinit$$0000000A          0x08000162   Section        0  libinit2.o(.ARM.Collect$$libinit$$0000000A)
    .ARM.Collect$$libinit$$0000000C          0x08000162   Section        0  libinit2.o(.ARM.Collect$$libinit$$0000000C)
    .ARM.Collect$$libinit$$0000000E          0x08000162   Section        0  libinit2.o(.ARM.Collect$$libinit$$0000000E)
    .ARM.Collect$$libinit$$00000011          0x08000162   Section        0  libinit2.o(.ARM.Collect$$libinit$$00000011)
    .ARM.Collect$$libinit$$00000013          0x08000162   Section        0  libinit2.o(.ARM.Collect$$libinit$$00000013)
    .ARM.Collect$$libinit$$00000015          0x08000162   Section        0  libinit2.o(.ARM.Collect$$libinit$$00000015)
    .ARM.Collect$$libinit$$00000017          0x08000162   Section        0  libinit2.o(.ARM.Collect$$libinit$$00000017)
    .ARM.Collect$$libinit$$00000019          0x08000162   Section        0  libinit2.o(.ARM.Collect$$libinit$$00000019)
    .ARM.Collect$$libinit$$0000001B          0x08000162   Section        0  libinit2.o(.ARM.Collect$$libinit$$0000001B)
    .ARM.Collect$$libinit$$0000001D          0x08000162   Section        0  libinit2.o(.ARM.Collect$$libinit$$0000001D)
    .ARM.Collect$$libinit$$0000001F          0x08000162   Section        0  libinit2.o(.ARM.Collect$$libinit$$0000001F)
    .ARM.Collect$$libinit$$00000021          0x08000162   Section        0  libinit2.o(.ARM.Collect$$libinit$$00000021)
    .ARM.Collect$$libinit$$00000023          0x08000162   Section        0  libinit2.o(.ARM.Collect$$libinit$$00000023)
    .ARM.Collect$$libinit$$00000025          0x08000162   Section        0  libinit2.o(.ARM.Collect$$libinit$$00000025)
    .ARM.Collect$$libinit$$0000002C          0x08000162   Section        0  libinit2.o(.ARM.Collect$$libinit$$0000002C)
    .ARM.Collect$$libinit$$0000002E          0x08000162   Section        0  libinit2.o(.ARM.Collect$$libinit$$0000002E)
    .ARM.Collect$$libinit$$00000030          0x08000162   Section        0  libinit2.o(.ARM.Collect$$libinit$$00000030)
    .ARM.Collect$$libinit$$00000032          0x08000162   Section        0  libinit2.o(.ARM.Collect$$libinit$$00000032)
    .ARM.Collect$$libinit$$00000033          0x08000162   Section        2  libinit2.o(.ARM.Collect$$libinit$$00000033)
    .ARM.Collect$$libshutdown$$00000000      0x08000164   Section        2  libshutdown.o(.ARM.Collect$$libshutdown$$00000000)
    .ARM.Collect$$libshutdown$$00000002      0x08000166   Section        0  libshutdown2.o(.ARM.Collect$$libshutdown$$00000002)
    .ARM.Collect$$libshutdown$$00000004      0x08000166   Section        0  libshutdown2.o(.ARM.Collect$$libshutdown$$00000004)
    .ARM.Collect$$libshutdown$$00000006      0x08000166   Section        0  libshutdown2.o(.ARM.Collect$$libshutdown$$00000006)
    .ARM.Collect$$libshutdown$$00000009      0x08000166   Section        0  libshutdown2.o(.ARM.Collect$$libshutdown$$00000009)
    .ARM.Collect$$libshutdown$$0000000C      0x08000166   Section        0  libshutdown2.o(.ARM.Collect$$libshutdown$$0000000C)
    .ARM.Collect$$libshutdown$$0000000E      0x08000166   Section        0  libshutdown2.o(.ARM.Collect$$libshutdown$$0000000E)
    .ARM.Collect$$libshutdown$$00000011      0x08000166   Section        0  libshutdown2.o(.ARM.Collect$$libshutdown$$00000011)
    .ARM.Collect$$libshutdown$$00000012      0x08000166   Section        2  libshutdown2.o(.ARM.Collect$$libshutdown$$00000012)
    .ARM.Collect$$rtentry$$00000000          0x08000168   Section        0  __rtentry.o(.ARM.Collect$$rtentry$$00000000)
    .ARM.Collect$$rtentry$$00000002          0x08000168   Section        0  __rtentry2.o(.ARM.Collect$$rtentry$$00000002)
    .ARM.Collect$$rtentry$$00000004          0x08000168   Section        6  __rtentry4.o(.ARM.Collect$$rtentry$$00000004)
    .ARM.Collect$$rtentry$$00000009          0x0800016e   Section        0  __rtentry2.o(.ARM.Collect$$rtentry$$00000009)
    .ARM.Collect$$rtentry$$0000000A          0x0800016e   Section        4  __rtentry2.o(.ARM.Collect$$rtentry$$0000000A)
    .ARM.Collect$$rtentry$$0000000C          0x08000172   Section        0  __rtentry2.o(.ARM.Collect$$rtentry$$0000000C)
    .ARM.Collect$$rtentry$$0000000D          0x08000172   Section        8  __rtentry2.o(.ARM.Collect$$rtentry$$0000000D)
    .ARM.Collect$$rtexit$$00000000           0x0800017a   Section        2  rtexit.o(.ARM.Collect$$rtexit$$00000000)
    .ARM.Collect$$rtexit$$00000002           0x0800017c   Section        0  rtexit2.o(.ARM.Collect$$rtexit$$00000002)
    .ARM.Collect$$rtexit$$00000003           0x0800017c   Section        4  rtexit2.o(.ARM.Collect$$rtexit$$00000003)
    .ARM.Collect$$rtexit$$00000004           0x08000180   Section        6  rtexit2.o(.ARM.Collect$$rtexit$$00000004)
    .text                                    0x08000188   Section       64  startup_stm32f10x_md.o(.text)
    .text                                    0x080001c8   Section        2  use_no_semi_2.o(.text)
    .text                                    0x080001ca   Section       68  rt_memclr.o(.text)
    .text                                    0x0800020e   Section        0  heapauxi.o(.text)
    .text                                    0x08000214   Section        2  use_no_semi.o(.text)
    .text                                    0x08000216   Section       78  rt_memclr_w.o(.text)
    .text                                    0x08000264   Section       74  sys_stackheap_outer.o(.text)
    .text                                    0x080002ae   Section        0  exit.o(.text)
    .text                                    0x080002c0   Section        8  libspace.o(.text)
    i.ADC_Cmd                                0x080002c8   Section        0  stm32f10x_adc.o(i.ADC_Cmd)
    i.ADC_DeInit                             0x080002e0   Section        0  stm32f10x_adc.o(i.ADC_DeInit)
    i.ADC_GetCalibrationStatus               0x0800033c   Section        0  stm32f10x_adc.o(i.ADC_GetCalibrationStatus)
    i.ADC_GetConversionValue                 0x08000350   Section        0  stm32f10x_adc.o(i.ADC_GetConversionValue)
    i.ADC_GetFlagStatus                      0x08000358   Section        0  stm32f10x_adc.o(i.ADC_GetFlagStatus)
    i.ADC_GetResetCalibrationStatus          0x0800036a   Section        0  stm32f10x_adc.o(i.ADC_GetResetCalibrationStatus)
    i.ADC_Init                               0x08000380   Section        0  stm32f10x_adc.o(i.ADC_Init)
    i.ADC_RegularChannelConfig               0x080003d0   Section        0  stm32f10x_adc.o(i.ADC_RegularChannelConfig)
    i.ADC_ResetCalibration                   0x08000488   Section        0  stm32f10x_adc.o(i.ADC_ResetCalibration)
    i.ADC_SoftwareStartConvCmd               0x08000492   Section        0  stm32f10x_adc.o(i.ADC_SoftwareStartConvCmd)
    i.ADC_StartCalibration                   0x080004a8   Section        0  stm32f10x_adc.o(i.ADC_StartCalibration)
    i.ADC_TempSensorVrefintCmd               0x080004b4   Section        0  stm32f10x_adc.o(i.ADC_TempSensorVrefintCmd)
    i.Adc_Init                               0x080004d8   Section        0  adc.o(i.Adc_Init)
    i.BUZZER_Init                            0x0800056c   Section        0  led.o(i.BUZZER_Init)
    i.BusFault_Handler                       0x080005a4   Section        0  stm32f10x_it.o(i.BusFault_Handler)
    i.CONTROL_Loop                           0x080005a8   Section        0  main.o(i.CONTROL_Loop)
    i.DBGMCU_Config                          0x08000620   Section        0  stm32f10x_dbgmcu.o(i.DBGMCU_Config)
    i.DebugMon_Handler                       0x08000640   Section        0  stm32f10x_it.o(i.DebugMon_Handler)
    i.GPIO_Init                              0x08000642   Section        0  stm32f10x_gpio.o(i.GPIO_Init)
    i.GPIO_ResetBits                         0x08000758   Section        0  stm32f10x_gpio.o(i.GPIO_ResetBits)
    i.GPIO_SetBits                           0x0800075c   Section        0  stm32f10x_gpio.o(i.GPIO_SetBits)
    i.Get_Adc                                0x08000760   Section        0  adc.o(i.Get_Adc)
    i.Get_Adc_Average                        0x08000794   Section        0  adc.o(i.Get_Adc_Average)
    i.HardFault_Handler                      0x080007bc   Section        0  stm32f10x_it.o(i.HardFault_Handler)
    i.IWDG_Enable                            0x080007c0   Section        0  stm32f10x_iwdg.o(i.IWDG_Enable)
    i.IWDG_Feed                              0x080007d0   Section        0  iwdg.o(i.IWDG_Feed)
    i.IWDG_Init                              0x080007d8   Section        0  iwdg.o(i.IWDG_Init)
    i.IWDG_ReloadCounter                     0x080007fc   Section        0  stm32f10x_iwdg.o(i.IWDG_ReloadCounter)
    i.IWDG_SetPrescaler                      0x0800080c   Section        0  stm32f10x_iwdg.o(i.IWDG_SetPrescaler)
    i.IWDG_SetReload                         0x08000818   Section        0  stm32f10x_iwdg.o(i.IWDG_SetReload)
    i.IWDG_WriteAccessCmd                    0x08000824   Section        0  stm32f10x_iwdg.o(i.IWDG_WriteAccessCmd)
    i.LED_Init                               0x08000830   Section        0  led.o(i.LED_Init)
    i.MemManage_Handler                      0x080008f4   Section        0  stm32f10x_it.o(i.MemManage_Handler)
    i.MotorIO_Init                           0x080008f8   Section        0  motor.o(i.MotorIO_Init)
    i.MotorPWM_Init                          0x08000930   Section        0  timer.o(i.MotorPWM_Init)
    i.NMI_Handler                            0x08000a04   Section        0  stm32f10x_it.o(i.NMI_Handler)
    i.NVIC_Init                              0x08000a08   Section        0  misc.o(i.NVIC_Init)
    i.NVIC_PriorityGroupConfig               0x08000a78   Section        0  misc.o(i.NVIC_PriorityGroupConfig)
    i.PendSV_Handler                         0x08000a8c   Section        0  stm32f10x_it.o(i.PendSV_Handler)
    i.RCC_ADCCLKConfig                       0x08000a90   Section        0  stm32f10x_rcc.o(i.RCC_ADCCLKConfig)
    i.RCC_APB1PeriphClockCmd                 0x08000aa8   Section        0  stm32f10x_rcc.o(i.RCC_APB1PeriphClockCmd)
    i.RCC_APB2PeriphClockCmd                 0x08000ac8   Section        0  stm32f10x_rcc.o(i.RCC_APB2PeriphClockCmd)
    i.RCC_APB2PeriphResetCmd                 0x08000ae8   Section        0  stm32f10x_rcc.o(i.RCC_APB2PeriphResetCmd)
    i.RCC_GetClocksFreq                      0x08000b08   Section        0  stm32f10x_rcc.o(i.RCC_GetClocksFreq)
    i.Remoto_Task                            0x08000bdc   Section        0  main.o(i.Remoto_Task)
    i.SVC_Handler                            0x08000bec   Section        0  stm32f10x_it.o(i.SVC_Handler)
    i.SetSysClock                            0x08000bee   Section        0  system_stm32f10x.o(i.SetSysClock)
    SetSysClock                              0x08000bef   Thumb Code     8  system_stm32f10x.o(i.SetSysClock)
    i.SetSysClockTo72                        0x08000bf8   Section        0  system_stm32f10x.o(i.SetSysClockTo72)
    SetSysClockTo72                          0x08000bf9   Thumb Code   214  system_stm32f10x.o(i.SetSysClockTo72)
    i.SingleMotorPower_LB                    0x08000cd8   Section        0  motor.o(i.SingleMotorPower_LB)
    i.SingleMotorPower_LF                    0x08000d0c   Section        0  motor.o(i.SingleMotorPower_LF)
    i.SingleMotorPower_RB                    0x08000d40   Section        0  motor.o(i.SingleMotorPower_RB)
    i.SingleMotorPower_RF                    0x08000d74   Section        0  motor.o(i.SingleMotorPower_RF)
    i.SysTick_Handler                        0x08000da8   Section        0  stm32f10x_it.o(i.SysTick_Handler)
    i.SystemInit                             0x08000db0   Section        0  system_stm32f10x.o(i.SystemInit)
    i.TASK_1000MS                            0x08000e10   Section        0  main.o(i.TASK_1000MS)
    i.TASK_100MS                             0x08000ee4   Section        0  main.o(i.TASK_100MS)
    i.TASK_10MS                              0x08000f3c   Section        0  main.o(i.TASK_10MS)
    i.TASK_1MS                               0x08000f44   Section        0  main.o(i.TASK_1MS)
    i.TASK_50MS                              0x08000f48   Section        0  main.o(i.TASK_50MS)
    i.TIM_ARRPreloadConfig                   0x08001020   Section        0  stm32f10x_tim.o(i.TIM_ARRPreloadConfig)
    i.TIM_Cmd                                0x08001038   Section        0  stm32f10x_tim.o(i.TIM_Cmd)
    i.TIM_CtrlPWMOutputs                     0x08001050   Section        0  stm32f10x_tim.o(i.TIM_CtrlPWMOutputs)
    i.TIM_OC1Init                            0x08001070   Section        0  stm32f10x_tim.o(i.TIM_OC1Init)
    i.TIM_OC1PreloadConfig                   0x08001108   Section        0  stm32f10x_tim.o(i.TIM_OC1PreloadConfig)
    i.TIM_OC2Init                            0x0800111c   Section        0  stm32f10x_tim.o(i.TIM_OC2Init)
    i.TIM_OC2PreloadConfig                   0x080011c0   Section        0  stm32f10x_tim.o(i.TIM_OC2PreloadConfig)
    i.TIM_OC3Init                            0x080011dc   Section        0  stm32f10x_tim.o(i.TIM_OC3Init)
    i.TIM_OC3PreloadConfig                   0x0800127c   Section        0  stm32f10x_tim.o(i.TIM_OC3PreloadConfig)
    i.TIM_OC4Init                            0x08001290   Section        0  stm32f10x_tim.o(i.TIM_OC4Init)
    i.TIM_OC4PreloadConfig                   0x0800130c   Section        0  stm32f10x_tim.o(i.TIM_OC4PreloadConfig)
    i.TIM_SetCompare1                        0x08001326   Section        0  stm32f10x_tim.o(i.TIM_SetCompare1)
    i.TIM_SetCompare2                        0x0800132a   Section        0  stm32f10x_tim.o(i.TIM_SetCompare2)
    i.TIM_SetCompare3                        0x0800132e   Section        0  stm32f10x_tim.o(i.TIM_SetCompare3)
    i.TIM_SetCompare4                        0x08001332   Section        0  stm32f10x_tim.o(i.TIM_SetCompare4)
    i.TIM_TimeBaseInit                       0x08001338   Section        0  stm32f10x_tim.o(i.TIM_TimeBaseInit)
    i.USART1_IRQHandler                      0x080013dc   Section        0  usart.o(i.USART1_IRQHandler)
    i.USART2_IRQHandler                      0x080013f8   Section        0  usart.o(i.USART2_IRQHandler)
    i.USART_ClearFlag                        0x08001640   Section        0  stm32f10x_usart.o(i.USART_ClearFlag)
    i.USART_Cmd                              0x08001652   Section        0  stm32f10x_usart.o(i.USART_Cmd)
    i.USART_GetITStatus                      0x0800166a   Section        0  stm32f10x_usart.o(i.USART_GetITStatus)
    i.USART_ITConfig                         0x080016be   Section        0  stm32f10x_usart.o(i.USART_ITConfig)
    i.USART_Init                             0x08001708   Section        0  stm32f10x_usart.o(i.USART_Init)
    i.USART_ReceiveData                      0x080017e0   Section        0  stm32f10x_usart.o(i.USART_ReceiveData)
    i.UsageFault_Handler                     0x080017ea   Section        0  stm32f10x_it.o(i.UsageFault_Handler)
    i._sys_exit                              0x080017ee   Section        0  usart.o(i._sys_exit)
    i.car_state                              0x080017f4   Section        0  motor.o(i.car_state)
    i.main                                   0x08001aa4   Section        0  main.o(i.main)
    i.task_counter                           0x08001b50   Section        0  task.o(i.task_counter)
    i.usart2_Init                            0x08001ba8   Section        0  usart.o(i.usart2_Init)
    x$fpl$ddiv                               0x08001c4c   Section      688  ddiv.o(x$fpl$ddiv)
    ddiv_entry                               0x08001c53   Thumb Code     0  ddiv.o(x$fpl$ddiv)
    x$fpl$dfix                               0x08001efc   Section       94  dfix.o(x$fpl$dfix)
    x$fpl$dfltu                              0x08001f5a   Section       38  dflt_clz.o(x$fpl$dfltu)
    x$fpl$dmul                               0x08001f80   Section      340  dmul.o(x$fpl$dmul)
    x$fpl$dnaninf                            0x080020d4   Section      156  dnaninf.o(x$fpl$dnaninf)
    x$fpl$dretinf                            0x08002170   Section       12  dretinf.o(x$fpl$dretinf)
    x$fpl$f2d                                0x0800217c   Section       86  f2d.o(x$fpl$f2d)
    x$fpl$fflt                               0x080021d4   Section       48  fflt_clz.o(x$fpl$fflt)
    x$fpl$ffltu                              0x08002204   Section       38  fflt_clz.o(x$fpl$ffltu)
    x$fpl$fmul                               0x0800222c   Section      258  fmul.o(x$fpl$fmul)
    x$fpl$fnaninf                            0x0800232e   Section      140  fnaninf.o(x$fpl$fnaninf)
    x$fpl$fretinf                            0x080023ba   Section       10  fretinf.o(x$fpl$fretinf)
    x$fpl$usenofp                            0x080023c4   Section        0  usenofp.o(x$fpl$usenofp)
    .data                                    0x20000000   Section       56  main.o(.data)
    CommDir                                  0x2000001c   Data           1  main.o(.data)
    SendStatus                               0x2000001d   Data           1  main.o(.data)
    NrfRxTimeout                             0x20000020   Data           4  main.o(.data)
    vx                                       0x20000024   Data           4  main.o(.data)
    vy                                       0x20000028   Data           4  main.o(.data)
    NrfRxTimeout                             0x2000002c   Data           4  main.o(.data)
    vx                                       0x20000030   Data           4  main.o(.data)
    vy                                       0x20000034   Data           4  main.o(.data)
    .data                                    0x20000038   Section       20  system_stm32f10x.o(.data)
    .data                                    0x2000004c   Section       20  stm32f10x_rcc.o(.data)
    APBAHBPrescTable                         0x2000004c   Data          16  stm32f10x_rcc.o(.data)
    ADCPrescTable                            0x2000005c   Data           4  stm32f10x_rcc.o(.data)
    .data                                    0x20000060   Section       26  usart.o(.data)
    .data                                    0x2000007c   Section       60  motor.o(.data)
    last_direction                           0x20000086   Data           1  motor.o(.data)
    last_yaw                                 0x20000088   Data           4  motor.o(.data)
    adj_coefficient                          0x2000008c   Data           4  motor.o(.data)
    HistoryArr                               0x20000090   Data          16  motor.o(.data)
    OrderArr                                 0x200000a0   Data          12  motor.o(.data)
    Currentloop                              0x200000ac   Data           4  motor.o(.data)
    LastYaw                                  0x200000b0   Data           4  motor.o(.data)
    SmoothYaw                                0x200000b4   Data           4  motor.o(.data)
    .data                                    0x200000b8   Section       24  task.o(.data)
    .bss                                     0x200000d0   Section      220  usart.o(.bss)
    .bss                                     0x200001ac   Section       96  libspace.o(.bss)
    HEAP                                     0x20000210   Section      512  startup_stm32f10x_md.o(HEAP)
    Heap_Mem                                 0x20000210   Data         512  startup_stm32f10x_md.o(HEAP)
    STACK                                    0x20000410   Section     1024  startup_stm32f10x_md.o(STACK)
    Stack_Mem                                0x20000410   Data        1024  startup_stm32f10x_md.o(STACK)
    __initial_sp                             0x20000810   Data           0  startup_stm32f10x_md.o(STACK)

    Global Symbols

    Symbol Name                              Value     Ov Type        Size  Object(Section)

    BuildAttributes$$THM_ISAv4$P$D$K$B$S$PE$A:L22UL41UL21$X:L11$S22US41US21$IEEE1$IW$USESV6$~STKCKD$USESV7$~SHL$OSPACE$ROPI$EBA8$UX$STANDARDLIB$REQ8$PRES8$EABIv2 0x00000000   Number         0  anon$$obj.o ABSOLUTE
    __ARM_use_no_argv                        0x00000000   Number         0  main.o ABSOLUTE
    __ARM_exceptions_init                     - Undefined Weak Reference
    __alloca_initialize                       - Undefined Weak Reference
    __arm_fini_                               - Undefined Weak Reference
    __arm_preinit_                            - Undefined Weak Reference
    __cpp_initialize__aeabi_                  - Undefined Weak Reference
    __cxa_finalize                            - Undefined Weak Reference
    __rt_locale                               - Undefined Weak Reference
    __sigvec_lookup                           - Undefined Weak Reference
    _atexit_init                              - Undefined Weak Reference
    _call_atexit_fns                          - Undefined Weak Reference
    _clock_init                               - Undefined Weak Reference
    _fp_trap_init                             - Undefined Weak Reference
    _fp_trap_shutdown                         - Undefined Weak Reference
    _get_lc_collate                           - Undefined Weak Reference
    _get_lc_ctype                             - Undefined Weak Reference
    _get_lc_monetary                          - Undefined Weak Reference
    _get_lc_numeric                           - Undefined Weak Reference
    _get_lc_time                              - Undefined Weak Reference
    _getenv_init                              - Undefined Weak Reference
    _handle_redirection                       - Undefined Weak Reference
    _init_alloc                               - Undefined Weak Reference
    _init_user_alloc                          - Undefined Weak Reference
    _initio                                   - Undefined Weak Reference
    _rand_init                                - Undefined Weak Reference
    _signal_finish                            - Undefined Weak Reference
    _signal_init                              - Undefined Weak Reference
    _terminate_alloc                          - Undefined Weak Reference
    _terminate_user_alloc                     - Undefined Weak Reference
    _terminateio                              - Undefined Weak Reference
    __Vectors_Size                           0x000000ec   Number         0  startup_stm32f10x_md.o ABSOLUTE
    __Vectors                                0x08000000   Data           4  startup_stm32f10x_md.o(RESET)
    __Vectors_End                            0x080000ec   Data           0  startup_stm32f10x_md.o(RESET)
    __main                                   0x080000ed   Thumb Code     8  __main.o(!!!main)
    __scatterload                            0x080000f5   Thumb Code     0  __scatter.o(!!!scatter)
    __scatterload_rt2                        0x080000f5   Thumb Code    44  __scatter.o(!!!scatter)
    __scatterload_rt2_thumb_only             0x080000f5   Thumb Code     0  __scatter.o(!!!scatter)
    __scatterload_null                       0x08000103   Thumb Code     0  __scatter.o(!!!scatter)
    __scatterload_copy                       0x08000129   Thumb Code    26  __scatter_copy.o(!!handler_copy)
    __scatterload_zeroinit                   0x08000145   Thumb Code    28  __scatter_zi.o(!!handler_zi)
    __rt_lib_init                            0x08000161   Thumb Code     0  libinit.o(.ARM.Collect$$libinit$$00000000)
    __rt_lib_init_alloca_1                   0x08000163   Thumb Code     0  libinit2.o(.ARM.Collect$$libinit$$0000002E)
    __rt_lib_init_argv_1                     0x08000163   Thumb Code     0  libinit2.o(.ARM.Collect$$libinit$$0000002C)
    __rt_lib_init_atexit_1                   0x08000163   Thumb Code     0  libinit2.o(.ARM.Collect$$libinit$$0000001B)
    __rt_lib_init_clock_1                    0x08000163   Thumb Code     0  libinit2.o(.ARM.Collect$$libinit$$00000021)
    __rt_lib_init_cpp_1                      0x08000163   Thumb Code     0  libinit2.o(.ARM.Collect$$libinit$$00000032)
    __rt_lib_init_exceptions_1               0x08000163   Thumb Code     0  libinit2.o(.ARM.Collect$$libinit$$00000030)
    __rt_lib_init_fp_1                       0x08000163   Thumb Code     0  libinit2.o(.ARM.Collect$$libinit$$00000002)
    __rt_lib_init_fp_trap_1                  0x08000163   Thumb Code     0  libinit2.o(.ARM.Collect$$libinit$$0000001F)
    __rt_lib_init_getenv_1                   0x08000163   Thumb Code     0  libinit2.o(.ARM.Collect$$libinit$$00000023)
    __rt_lib_init_heap_1                     0x08000163   Thumb Code     0  libinit2.o(.ARM.Collect$$libinit$$0000000A)
    __rt_lib_init_lc_collate_1               0x08000163   Thumb Code     0  libinit2.o(.ARM.Collect$$libinit$$00000011)
    __rt_lib_init_lc_ctype_1                 0x08000163   Thumb Code     0  libinit2.o(.ARM.Collect$$libinit$$00000013)
    __rt_lib_init_lc_monetary_1              0x08000163   Thumb Code     0  libinit2.o(.ARM.Collect$$libinit$$00000015)
    __rt_lib_init_lc_numeric_1               0x08000163   Thumb Code     0  libinit2.o(.ARM.Collect$$libinit$$00000017)
    __rt_lib_init_lc_time_1                  0x08000163   Thumb Code     0  libinit2.o(.ARM.Collect$$libinit$$00000019)
    __rt_lib_init_preinit_1                  0x08000163   Thumb Code     0  libinit2.o(.ARM.Collect$$libinit$$00000004)
    __rt_lib_init_rand_1                     0x08000163   Thumb Code     0  libinit2.o(.ARM.Collect$$libinit$$0000000E)
    __rt_lib_init_return                     0x08000163   Thumb Code     0  libinit2.o(.ARM.Collect$$libinit$$00000033)
    __rt_lib_init_signal_1                   0x08000163   Thumb Code     0  libinit2.o(.ARM.Collect$$libinit$$0000001D)
    __rt_lib_init_stdio_1                    0x08000163   Thumb Code     0  libinit2.o(.ARM.Collect$$libinit$$00000025)
    __rt_lib_init_user_alloc_1               0x08000163   Thumb Code     0  libinit2.o(.ARM.Collect$$libinit$$0000000C)
    __rt_lib_shutdown                        0x08000165   Thumb Code     0  libshutdown.o(.ARM.Collect$$libshutdown$$00000000)
    __rt_lib_shutdown_cpp_1                  0x08000167   Thumb Code     0  libshutdown2.o(.ARM.Collect$$libshutdown$$00000004)
    __rt_lib_shutdown_fini_1                 0x08000167   Thumb Code     0  libshutdown2.o(.ARM.Collect$$libshutdown$$00000002)
    __rt_lib_shutdown_fp_trap_1              0x08000167   Thumb Code     0  libshutdown2.o(.ARM.Collect$$libshutdown$$00000009)
    __rt_lib_shutdown_heap_1                 0x08000167   Thumb Code     0  libshutdown2.o(.ARM.Collect$$libshutdown$$00000011)
    __rt_lib_shutdown_return                 0x08000167   Thumb Code     0  libshutdown2.o(.ARM.Collect$$libshutdown$$00000012)
    __rt_lib_shutdown_signal_1               0x08000167   Thumb Code     0  libshutdown2.o(.ARM.Collect$$libshutdown$$0000000C)
    __rt_lib_shutdown_stdio_1                0x08000167   Thumb Code     0  libshutdown2.o(.ARM.Collect$$libshutdown$$00000006)
    __rt_lib_shutdown_user_alloc_1           0x08000167   Thumb Code     0  libshutdown2.o(.ARM.Collect$$libshutdown$$0000000E)
    __rt_entry                               0x08000169   Thumb Code     0  __rtentry.o(.ARM.Collect$$rtentry$$00000000)
    __rt_entry_presh_1                       0x08000169   Thumb Code     0  __rtentry2.o(.ARM.Collect$$rtentry$$00000002)
    __rt_entry_sh                            0x08000169   Thumb Code     0  __rtentry4.o(.ARM.Collect$$rtentry$$00000004)
    __rt_entry_li                            0x0800016f   Thumb Code     0  __rtentry2.o(.ARM.Collect$$rtentry$$0000000A)
    __rt_entry_postsh_1                      0x0800016f   Thumb Code     0  __rtentry2.o(.ARM.Collect$$rtentry$$00000009)
    __rt_entry_main                          0x08000173   Thumb Code     0  __rtentry2.o(.ARM.Collect$$rtentry$$0000000D)
    __rt_entry_postli_1                      0x08000173   Thumb Code     0  __rtentry2.o(.ARM.Collect$$rtentry$$0000000C)
    __rt_exit                                0x0800017b   Thumb Code     0  rtexit.o(.ARM.Collect$$rtexit$$00000000)
    __rt_exit_ls                             0x0800017d   Thumb Code     0  rtexit2.o(.ARM.Collect$$rtexit$$00000003)
    __rt_exit_prels_1                        0x0800017d   Thumb Code     0  rtexit2.o(.ARM.Collect$$rtexit$$00000002)
    __rt_exit_exit                           0x08000181   Thumb Code     0  rtexit2.o(.ARM.Collect$$rtexit$$00000004)
    Reset_Handler                            0x08000189   Thumb Code     8  startup_stm32f10x_md.o(.text)
    ADC1_2_IRQHandler                        0x080001a3   Thumb Code     0  startup_stm32f10x_md.o(.text)
    CAN1_RX1_IRQHandler                      0x080001a3   Thumb Code     0  startup_stm32f10x_md.o(.text)
    CAN1_SCE_IRQHandler                      0x080001a3   Thumb Code     0  startup_stm32f10x_md.o(.text)
    DMA1_Channel1_IRQHandler                 0x080001a3   Thumb Code     0  startup_stm32f10x_md.o(.text)
    DMA1_Channel2_IRQHandler                 0x080001a3   Thumb Code     0  startup_stm32f10x_md.o(.text)
    DMA1_Channel3_IRQHandler                 0x080001a3   Thumb Code     0  startup_stm32f10x_md.o(.text)
    DMA1_Channel4_IRQHandler                 0x080001a3   Thumb Code     0  startup_stm32f10x_md.o(.text)
    DMA1_Channel5_IRQHandler                 0x080001a3   Thumb Code     0  startup_stm32f10x_md.o(.text)
    DMA1_Channel6_IRQHandler                 0x080001a3   Thumb Code     0  startup_stm32f10x_md.o(.text)
    DMA1_Channel7_IRQHandler                 0x080001a3   Thumb Code     0  startup_stm32f10x_md.o(.text)
    EXTI0_IRQHandler                         0x080001a3   Thumb Code     0  startup_stm32f10x_md.o(.text)
    EXTI15_10_IRQHandler                     0x080001a3   Thumb Code     0  startup_stm32f10x_md.o(.text)
    EXTI1_IRQHandler                         0x080001a3   Thumb Code     0  startup_stm32f10x_md.o(.text)
    EXTI2_IRQHandler                         0x080001a3   Thumb Code     0  startup_stm32f10x_md.o(.text)
    EXTI3_IRQHandler                         0x080001a3   Thumb Code     0  startup_stm32f10x_md.o(.text)
    EXTI4_IRQHandler                         0x080001a3   Thumb Code     0  startup_stm32f10x_md.o(.text)
    EXTI9_5_IRQHandler                       0x080001a3   Thumb Code     0  startup_stm32f10x_md.o(.text)
    FLASH_IRQHandler                         0x080001a3   Thumb Code     0  startup_stm32f10x_md.o(.text)
    I2C1_ER_IRQHandler                       0x080001a3   Thumb Code     0  startup_stm32f10x_md.o(.text)
    I2C1_EV_IRQHandler                       0x080001a3   Thumb Code     0  startup_stm32f10x_md.o(.text)
    I2C2_ER_IRQHandler                       0x080001a3   Thumb Code     0  startup_stm32f10x_md.o(.text)
    I2C2_EV_IRQHandler                       0x080001a3   Thumb Code     0  startup_stm32f10x_md.o(.text)
    PVD_IRQHandler                           0x080001a3   Thumb Code     0  startup_stm32f10x_md.o(.text)
    RCC_IRQHandler                           0x080001a3   Thumb Code     0  startup_stm32f10x_md.o(.text)
    RTCAlarm_IRQHandler                      0x080001a3   Thumb Code     0  startup_stm32f10x_md.o(.text)
    RTC_IRQHandler                           0x080001a3   Thumb Code     0  startup_stm32f10x_md.o(.text)
    SPI1_IRQHandler                          0x080001a3   Thumb Code     0  startup_stm32f10x_md.o(.text)
    SPI2_IRQHandler                          0x080001a3   Thumb Code     0  startup_stm32f10x_md.o(.text)
    TAMPER_IRQHandler                        0x080001a3   Thumb Code     0  startup_stm32f10x_md.o(.text)
    TIM1_BRK_IRQHandler                      0x080001a3   Thumb Code     0  startup_stm32f10x_md.o(.text)
    TIM1_CC_IRQHandler                       0x080001a3   Thumb Code     0  startup_stm32f10x_md.o(.text)
    TIM1_TRG_COM_IRQHandler                  0x080001a3   Thumb Code     0  startup_stm32f10x_md.o(.text)
    TIM1_UP_IRQHandler                       0x080001a3   Thumb Code     0  startup_stm32f10x_md.o(.text)
    TIM2_IRQHandler                          0x080001a3   Thumb Code     0  startup_stm32f10x_md.o(.text)
    TIM3_IRQHandler                          0x080001a3   Thumb Code     0  startup_stm32f10x_md.o(.text)
    TIM4_IRQHandler                          0x080001a3   Thumb Code     0  startup_stm32f10x_md.o(.text)
    USART3_IRQHandler                        0x080001a3   Thumb Code     0  startup_stm32f10x_md.o(.text)
    USBWakeUp_IRQHandler                     0x080001a3   Thumb Code     0  startup_stm32f10x_md.o(.text)
    USB_HP_CAN1_TX_IRQHandler                0x080001a3   Thumb Code     0  startup_stm32f10x_md.o(.text)
    USB_LP_CAN1_RX0_IRQHandler               0x080001a3   Thumb Code     0  startup_stm32f10x_md.o(.text)
    WWDG_IRQHandler                          0x080001a3   Thumb Code     0  startup_stm32f10x_md.o(.text)
    __user_initial_stackheap                 0x080001a5   Thumb Code     0  startup_stm32f10x_md.o(.text)
    __use_no_semihosting                     0x080001c9   Thumb Code     2  use_no_semi_2.o(.text)
    __aeabi_memclr                           0x080001cb   Thumb Code     0  rt_memclr.o(.text)
    __rt_memclr                              0x080001cb   Thumb Code    68  rt_memclr.o(.text)
    _memset                                  0x080001cf   Thumb Code     0  rt_memclr.o(.text)
    __use_two_region_memory                  0x0800020f   Thumb Code     2  heapauxi.o(.text)
    __rt_heap_escrow$2region                 0x08000211   Thumb Code     2  heapauxi.o(.text)
    __rt_heap_expand$2region                 0x08000213   Thumb Code     2  heapauxi.o(.text)
    __I$use$semihosting                      0x08000215   Thumb Code     0  use_no_semi.o(.text)
    __use_no_semihosting_swi                 0x08000215   Thumb Code     2  use_no_semi.o(.text)
    __aeabi_memclr4                          0x08000217   Thumb Code     0  rt_memclr_w.o(.text)
    __aeabi_memclr8                          0x08000217   Thumb Code     0  rt_memclr_w.o(.text)
    __rt_memclr_w                            0x08000217   Thumb Code    78  rt_memclr_w.o(.text)
    _memset_w                                0x0800021b   Thumb Code     0  rt_memclr_w.o(.text)
    __user_setup_stackheap                   0x08000265   Thumb Code    74  sys_stackheap_outer.o(.text)
    exit                                     0x080002af   Thumb Code    18  exit.o(.text)
    __user_libspace                          0x080002c1   Thumb Code     8  libspace.o(.text)
    __user_perproc_libspace                  0x080002c1   Thumb Code     0  libspace.o(.text)
    __user_perthread_libspace                0x080002c1   Thumb Code     0  libspace.o(.text)
    ADC_Cmd                                  0x080002c9   Thumb Code    22  stm32f10x_adc.o(i.ADC_Cmd)
    ADC_DeInit                               0x080002e1   Thumb Code    78  stm32f10x_adc.o(i.ADC_DeInit)
    ADC_GetCalibrationStatus                 0x0800033d   Thumb Code    20  stm32f10x_adc.o(i.ADC_GetCalibrationStatus)
    ADC_GetConversionValue                   0x08000351   Thumb Code     8  stm32f10x_adc.o(i.ADC_GetConversionValue)
    ADC_GetFlagStatus                        0x08000359   Thumb Code    18  stm32f10x_adc.o(i.ADC_GetFlagStatus)
    ADC_GetResetCalibrationStatus            0x0800036b   Thumb Code    20  stm32f10x_adc.o(i.ADC_GetResetCalibrationStatus)
    ADC_Init                                 0x08000381   Thumb Code    70  stm32f10x_adc.o(i.ADC_Init)
    ADC_RegularChannelConfig                 0x080003d1   Thumb Code   184  stm32f10x_adc.o(i.ADC_RegularChannelConfig)
    ADC_ResetCalibration                     0x08000489   Thumb Code    10  stm32f10x_adc.o(i.ADC_ResetCalibration)
    ADC_SoftwareStartConvCmd                 0x08000493   Thumb Code    22  stm32f10x_adc.o(i.ADC_SoftwareStartConvCmd)
    ADC_StartCalibration                     0x080004a9   Thumb Code    10  stm32f10x_adc.o(i.ADC_StartCalibration)
    ADC_TempSensorVrefintCmd                 0x080004b5   Thumb Code    30  stm32f10x_adc.o(i.ADC_TempSensorVrefintCmd)
    Adc_Init                                 0x080004d9   Thumb Code   138  adc.o(i.Adc_Init)
    BUZZER_Init                              0x0800056d   Thumb Code    50  led.o(i.BUZZER_Init)
    BusFault_Handler                         0x080005a5   Thumb Code     4  stm32f10x_it.o(i.BusFault_Handler)
    CONTROL_Loop                             0x080005a9   Thumb Code    98  main.o(i.CONTROL_Loop)
    DBGMCU_Config                            0x08000621   Thumb Code    26  stm32f10x_dbgmcu.o(i.DBGMCU_Config)
    DebugMon_Handler                         0x08000641   Thumb Code     2  stm32f10x_it.o(i.DebugMon_Handler)
    GPIO_Init                                0x08000643   Thumb Code   278  stm32f10x_gpio.o(i.GPIO_Init)
    GPIO_ResetBits                           0x08000759   Thumb Code     4  stm32f10x_gpio.o(i.GPIO_ResetBits)
    GPIO_SetBits                             0x0800075d   Thumb Code     4  stm32f10x_gpio.o(i.GPIO_SetBits)
    Get_Adc                                  0x08000761   Thumb Code    46  adc.o(i.Get_Adc)
    Get_Adc_Average                          0x08000795   Thumb Code    40  adc.o(i.Get_Adc_Average)
    HardFault_Handler                        0x080007bd   Thumb Code     4  stm32f10x_it.o(i.HardFault_Handler)
    IWDG_Enable                              0x080007c1   Thumb Code    10  stm32f10x_iwdg.o(i.IWDG_Enable)
    IWDG_Feed                                0x080007d1   Thumb Code     8  iwdg.o(i.IWDG_Feed)
    IWDG_Init                                0x080007d9   Thumb Code    36  iwdg.o(i.IWDG_Init)
    IWDG_ReloadCounter                       0x080007fd   Thumb Code    10  stm32f10x_iwdg.o(i.IWDG_ReloadCounter)
    IWDG_SetPrescaler                        0x0800080d   Thumb Code     6  stm32f10x_iwdg.o(i.IWDG_SetPrescaler)
    IWDG_SetReload                           0x08000819   Thumb Code     6  stm32f10x_iwdg.o(i.IWDG_SetReload)
    IWDG_WriteAccessCmd                      0x08000825   Thumb Code     6  stm32f10x_iwdg.o(i.IWDG_WriteAccessCmd)
    LED_Init                                 0x08000831   Thumb Code   180  led.o(i.LED_Init)
    MemManage_Handler                        0x080008f5   Thumb Code     4  stm32f10x_it.o(i.MemManage_Handler)
    MotorIO_Init                             0x080008f9   Thumb Code    50  motor.o(i.MotorIO_Init)
    MotorPWM_Init                            0x08000931   Thumb Code   202  timer.o(i.MotorPWM_Init)
    NMI_Handler                              0x08000a05   Thumb Code     2  stm32f10x_it.o(i.NMI_Handler)
    NVIC_Init                                0x08000a09   Thumb Code   100  misc.o(i.NVIC_Init)
    NVIC_PriorityGroupConfig                 0x08000a79   Thumb Code    10  misc.o(i.NVIC_PriorityGroupConfig)
    PendSV_Handler                           0x08000a8d   Thumb Code     2  stm32f10x_it.o(i.PendSV_Handler)
    RCC_ADCCLKConfig                         0x08000a91   Thumb Code    18  stm32f10x_rcc.o(i.RCC_ADCCLKConfig)
    RCC_APB1PeriphClockCmd                   0x08000aa9   Thumb Code    26  stm32f10x_rcc.o(i.RCC_APB1PeriphClockCmd)
    RCC_APB2PeriphClockCmd                   0x08000ac9   Thumb Code    26  stm32f10x_rcc.o(i.RCC_APB2PeriphClockCmd)
    RCC_APB2PeriphResetCmd                   0x08000ae9   Thumb Code    26  stm32f10x_rcc.o(i.RCC_APB2PeriphResetCmd)
    RCC_GetClocksFreq                        0x08000b09   Thumb Code   192  stm32f10x_rcc.o(i.RCC_GetClocksFreq)
    Remoto_Task                              0x08000bdd   Thumb Code    12  main.o(i.Remoto_Task)
    SVC_Handler                              0x08000bed   Thumb Code     2  stm32f10x_it.o(i.SVC_Handler)
    SingleMotorPower_LB                      0x08000cd9   Thumb Code    42  motor.o(i.SingleMotorPower_LB)
    SingleMotorPower_LF                      0x08000d0d   Thumb Code    42  motor.o(i.SingleMotorPower_LF)
    SingleMotorPower_RB                      0x08000d41   Thumb Code    42  motor.o(i.SingleMotorPower_RB)
    SingleMotorPower_RF                      0x08000d75   Thumb Code    42  motor.o(i.SingleMotorPower_RF)
    SysTick_Handler                          0x08000da9   Thumb Code     8  stm32f10x_it.o(i.SysTick_Handler)
    SystemInit                               0x08000db1   Thumb Code    78  system_stm32f10x.o(i.SystemInit)
    TASK_1000MS                              0x08000e11   Thumb Code   172  main.o(i.TASK_1000MS)
    TASK_100MS                               0x08000ee5   Thumb Code    72  main.o(i.TASK_100MS)
    TASK_10MS                                0x08000f3d   Thumb Code     8  main.o(i.TASK_10MS)
    TASK_1MS                                 0x08000f45   Thumb Code     2  main.o(i.TASK_1MS)
    TASK_50MS                                0x08000f49   Thumb Code   190  main.o(i.TASK_50MS)
    TIM_ARRPreloadConfig                     0x08001021   Thumb Code    24  stm32f10x_tim.o(i.TIM_ARRPreloadConfig)
    TIM_Cmd                                  0x08001039   Thumb Code    24  stm32f10x_tim.o(i.TIM_Cmd)
    TIM_CtrlPWMOutputs                       0x08001051   Thumb Code    30  stm32f10x_tim.o(i.TIM_CtrlPWMOutputs)
    TIM_OC1Init                              0x08001071   Thumb Code   132  stm32f10x_tim.o(i.TIM_OC1Init)
    TIM_OC1PreloadConfig                     0x08001109   Thumb Code    18  stm32f10x_tim.o(i.TIM_OC1PreloadConfig)
    TIM_OC2Init                              0x0800111d   Thumb Code   154  stm32f10x_tim.o(i.TIM_OC2Init)
    TIM_OC2PreloadConfig                     0x080011c1   Thumb Code    26  stm32f10x_tim.o(i.TIM_OC2PreloadConfig)
    TIM_OC3Init                              0x080011dd   Thumb Code   150  stm32f10x_tim.o(i.TIM_OC3Init)
    TIM_OC3PreloadConfig                     0x0800127d   Thumb Code    18  stm32f10x_tim.o(i.TIM_OC3PreloadConfig)
    TIM_OC4Init                              0x08001291   Thumb Code   114  stm32f10x_tim.o(i.TIM_OC4Init)
    TIM_OC4PreloadConfig                     0x0800130d   Thumb Code    26  stm32f10x_tim.o(i.TIM_OC4PreloadConfig)
    TIM_SetCompare1                          0x08001327   Thumb Code     4  stm32f10x_tim.o(i.TIM_SetCompare1)
    TIM_SetCompare2                          0x0800132b   Thumb Code     4  stm32f10x_tim.o(i.TIM_SetCompare2)
    TIM_SetCompare3                          0x0800132f   Thumb Code     4  stm32f10x_tim.o(i.TIM_SetCompare3)
    TIM_SetCompare4                          0x08001333   Thumb Code     6  stm32f10x_tim.o(i.TIM_SetCompare4)
    TIM_TimeBaseInit                         0x08001339   Thumb Code   122  stm32f10x_tim.o(i.TIM_TimeBaseInit)
    USART1_IRQHandler                        0x080013dd   Thumb Code    24  usart.o(i.USART1_IRQHandler)
    USART2_IRQHandler                        0x080013f9   Thumb Code   540  usart.o(i.USART2_IRQHandler)
    USART_ClearFlag                          0x08001641   Thumb Code    18  stm32f10x_usart.o(i.USART_ClearFlag)
    USART_Cmd                                0x08001653   Thumb Code    24  stm32f10x_usart.o(i.USART_Cmd)
    USART_GetITStatus                        0x0800166b   Thumb Code    84  stm32f10x_usart.o(i.USART_GetITStatus)
    USART_ITConfig                           0x080016bf   Thumb Code    74  stm32f10x_usart.o(i.USART_ITConfig)
    USART_Init                               0x08001709   Thumb Code   210  stm32f10x_usart.o(i.USART_Init)
    USART_ReceiveData                        0x080017e1   Thumb Code    10  stm32f10x_usart.o(i.USART_ReceiveData)
    UsageFault_Handler                       0x080017eb   Thumb Code     4  stm32f10x_it.o(i.UsageFault_Handler)
    _sys_exit                                0x080017ef   Thumb Code     6  usart.o(i._sys_exit)
    car_state                                0x080017f5   Thumb Code   650  motor.o(i.car_state)
    main                                     0x08001aa5   Thumb Code   158  main.o(i.main)
    task_counter                             0x08001b51   Thumb Code    62  task.o(i.task_counter)
    usart2_Init                              0x08001ba9   Thumb Code   156  usart.o(i.usart2_Init)
    __aeabi_ddiv                             0x08001c4d   Thumb Code     0  ddiv.o(x$fpl$ddiv)
    _ddiv                                    0x08001c4d   Thumb Code   552  ddiv.o(x$fpl$ddiv)
    __aeabi_d2iz                             0x08001efd   Thumb Code     0  dfix.o(x$fpl$dfix)
    _dfix                                    0x08001efd   Thumb Code    94  dfix.o(x$fpl$dfix)
    __aeabi_ui2d                             0x08001f5b   Thumb Code     0  dflt_clz.o(x$fpl$dfltu)
    _dfltu                                   0x08001f5b   Thumb Code    38  dflt_clz.o(x$fpl$dfltu)
    __aeabi_dmul                             0x08001f81   Thumb Code     0  dmul.o(x$fpl$dmul)
    _dmul                                    0x08001f81   Thumb Code   332  dmul.o(x$fpl$dmul)
    __fpl_dnaninf                            0x080020d5   Thumb Code   156  dnaninf.o(x$fpl$dnaninf)
    __fpl_dretinf                            0x08002171   Thumb Code    12  dretinf.o(x$fpl$dretinf)
    __aeabi_f2d                              0x0800217d   Thumb Code     0  f2d.o(x$fpl$f2d)
    _f2d                                     0x0800217d   Thumb Code    86  f2d.o(x$fpl$f2d)
    __aeabi_i2f                              0x080021d5   Thumb Code     0  fflt_clz.o(x$fpl$fflt)
    _fflt                                    0x080021d5   Thumb Code    48  fflt_clz.o(x$fpl$fflt)
    __aeabi_ui2f                             0x08002205   Thumb Code     0  fflt_clz.o(x$fpl$ffltu)
    _ffltu                                   0x08002205   Thumb Code    38  fflt_clz.o(x$fpl$ffltu)
    __aeabi_fmul                             0x0800222d   Thumb Code     0  fmul.o(x$fpl$fmul)
    _fmul                                    0x0800222d   Thumb Code   258  fmul.o(x$fpl$fmul)
    __fpl_fnaninf                            0x0800232f   Thumb Code   140  fnaninf.o(x$fpl$fnaninf)
    __fpl_fretinf                            0x080023bb   Thumb Code    10  fretinf.o(x$fpl$fretinf)
    Region$$Table$$Base                      0x080023c4   Number         0  anon$$obj.o(Region$$Table)
    __I$use$fp                               0x080023c4   Number         0  usenofp.o(x$fpl$usenofp)
    Region$$Table$$Limit                     0x080023e4   Number         0  anon$$obj.o(Region$$Table)
    ADC_BatVol                               0x20000000   Data           2  main.o(.data)
    ADC_CH17                                 0x20000002   Data           2  main.o(.data)
    ADC_MotorCur                             0x20000004   Data           2  main.o(.data)
    Pack_Vol                                 0x20000008   Data           4  main.o(.data)
    Motor_Cur                                0x2000000c   Data           4  main.o(.data)
    Battery_SOC                              0x20000010   Data           1  main.o(.data)
    SOC_DisplayCount                         0x20000012   Data           2  main.o(.data)
    NrfSendCount                             0x20000014   Data           2  main.o(.data)
    debugCount                               0x20000016   Data           2  main.o(.data)
    Vref                                     0x20000018   Data           4  main.o(.data)
    SystemCoreClock                          0x20000038   Data           4  system_stm32f10x.o(.data)
    AHBPrescTable                            0x2000003c   Data          16  system_stm32f10x.o(.data)
    __stdout                                 0x20000060   Data           4  usart.o(.data)
    USART_RX_STA                             0x20000064   Data           2  usart.o(.data)
    ch                                       0x20000066   Data           1  usart.o(.data)
    uart_A5step                              0x20000067   Data           1  usart.o(.data)
    uart_AAstep                              0x20000068   Data           1  usart.o(.data)
    accx                                     0x2000006a   Data           2  usart.o(.data)
    accy                                     0x2000006c   Data           2  usart.o(.data)
    accz                                     0x2000006e   Data           2  usart.o(.data)
    roll_raw                                 0x20000070   Data           2  usart.o(.data)
    pitch_raw                                0x20000072   Data           2  usart.o(.data)
    yaw_raw                                  0x20000074   Data           2  usart.o(.data)
    yaw_afterfilter                          0x20000076   Data           2  usart.o(.data)
    yaw_smooth                               0x20000078   Data           2  usart.o(.data)
    direction                                0x2000007c   Data           1  motor.o(.data)
    debug_data                               0x2000007e   Data           2  motor.o(.data)
    LeftPower                                0x20000080   Data           2  motor.o(.data)
    RightPower                               0x20000082   Data           2  motor.o(.data)
    LeftDir                                  0x20000084   Data           1  motor.o(.data)
    RightDir                                 0x20000085   Data           1  motor.o(.data)
    count_1ms                                0x200000b8   Data           4  task.o(.data)
    count_10ms                               0x200000bc   Data           4  task.o(.data)
    count_50ms                               0x200000c0   Data           4  task.o(.data)
    count_100ms                              0x200000c4   Data           4  task.o(.data)
    count_1000ms                             0x200000c8   Data           4  task.o(.data)
    count_always                             0x200000cc   Data           4  task.o(.data)
    USART_RX_BUF                             0x200000d0   Data         200  usart.o(.bss)
    temparr                                  0x20000198   Data          20  usart.o(.bss)
    __libspace_start                         0x200001ac   Data          96  libspace.o(.bss)
    __temporary_stack_top$libspace           0x2000020c   Data           0  libspace.o(.bss)



==============================================================================

Memory Map of the image

  Image Entry point : 0x080000ed

  Load Region LR_IROM1 (Base: 0x08000000, Size: 0x000024b4, Max: 0x00010000, ABSOLUTE)

    Execution Region ER_IROM1 (Exec base: 0x08000000, Load base: 0x08000000, Size: 0x000023e4, Max: 0x00010000, ABSOLUTE)

    Exec Addr    Load Addr    Size         Type   Attr      Idx    E Section Name        Object

    0x08000000   0x08000000   0x000000ec   Data   RO          324    RESET               startup_stm32f10x_md.o
    0x080000ec   0x080000ec   0x00000008   Code   RO         3622  * !!!main             c_w.l(__main.o)
    0x080000f4   0x080000f4   0x00000034   Code   RO         3816    !!!scatter          c_w.l(__scatter.o)
    0x08000128   0x08000128   0x0000001a   Code   RO         3818    !!handler_copy      c_w.l(__scatter_copy.o)
    0x08000142   0x08000142   0x00000002   PAD
    0x08000144   0x08000144   0x0000001c   Code   RO         3820    !!handler_zi        c_w.l(__scatter_zi.o)
    0x08000160   0x08000160   0x00000002   Code   RO         3688    .ARM.Collect$$libinit$$00000000  c_w.l(libinit.o)
    0x08000162   0x08000162   0x00000000   Code   RO         3695    .ARM.Collect$$libinit$$00000002  c_w.l(libinit2.o)
    0x08000162   0x08000162   0x00000000   Code   RO         3697    .ARM.Collect$$libinit$$00000004  c_w.l(libinit2.o)
    0x08000162   0x08000162   0x00000000   Code   RO         3700    .ARM.Collect$$libinit$$0000000A  c_w.l(libinit2.o)
    0x08000162   0x08000162   0x00000000   Code   RO         3702    .ARM.Collect$$libinit$$0000000C  c_w.l(libinit2.o)
    0x08000162   0x08000162   0x00000000   Code   RO         3704    .ARM.Collect$$libinit$$0000000E  c_w.l(libinit2.o)
    0x08000162   0x08000162   0x00000000   Code   RO         3707    .ARM.Collect$$libinit$$00000011  c_w.l(libinit2.o)
    0x08000162   0x08000162   0x00000000   Code   RO         3709    .ARM.Collect$$libinit$$00000013  c_w.l(libinit2.o)
    0x08000162   0x08000162   0x00000000   Code   RO         3711    .ARM.Collect$$libinit$$00000015  c_w.l(libinit2.o)
    0x08000162   0x08000162   0x00000000   Code   RO         3713    .ARM.Collect$$libinit$$00000017  c_w.l(libinit2.o)
    0x08000162   0x08000162   0x00000000   Code   RO         3715    .ARM.Collect$$libinit$$00000019  c_w.l(libinit2.o)
    0x08000162   0x08000162   0x00000000   Code   RO         3717    .ARM.Collect$$libinit$$0000001B  c_w.l(libinit2.o)
    0x08000162   0x08000162   0x00000000   Code   RO         3719    .ARM.Collect$$libinit$$0000001D  c_w.l(libinit2.o)
    0x08000162   0x08000162   0x00000000   Code   RO         3721    .ARM.Collect$$libinit$$0000001F  c_w.l(libinit2.o)
    0x08000162   0x08000162   0x00000000   Code   RO         3723    .ARM.Collect$$libinit$$00000021  c_w.l(libinit2.o)
    0x08000162   0x08000162   0x00000000   Code   RO         3725    .ARM.Collect$$libinit$$00000023  c_w.l(libinit2.o)
    0x08000162   0x08000162   0x00000000   Code   RO         3727    .ARM.Collect$$libinit$$00000025  c_w.l(libinit2.o)
    0x08000162   0x08000162   0x00000000   Code   RO         3731    .ARM.Collect$$libinit$$0000002C  c_w.l(libinit2.o)
    0x08000162   0x08000162   0x00000000   Code   RO         3733    .ARM.Collect$$libinit$$0000002E  c_w.l(libinit2.o)
    0x08000162   0x08000162   0x00000000   Code   RO         3735    .ARM.Collect$$libinit$$00000030  c_w.l(libinit2.o)
    0x08000162   0x08000162   0x00000000   Code   RO         3737    .ARM.Collect$$libinit$$00000032  c_w.l(libinit2.o)
    0x08000162   0x08000162   0x00000002   Code   RO         3738    .ARM.Collect$$libinit$$00000033  c_w.l(libinit2.o)
    0x08000164   0x08000164   0x00000002   Code   RO         3756    .ARM.Collect$$libshutdown$$00000000  c_w.l(libshutdown.o)
    0x08000166   0x08000166   0x00000000   Code   RO         3766    .ARM.Collect$$libshutdown$$00000002  c_w.l(libshutdown2.o)
    0x08000166   0x08000166   0x00000000   Code   RO         3768    .ARM.Collect$$libshutdown$$00000004  c_w.l(libshutdown2.o)
    0x08000166   0x08000166   0x00000000   Code   RO         3770    .ARM.Collect$$libshutdown$$00000006  c_w.l(libshutdown2.o)
    0x08000166   0x08000166   0x00000000   Code   RO         3773    .ARM.Collect$$libshutdown$$00000009  c_w.l(libshutdown2.o)
    0x08000166   0x08000166   0x00000000   Code   RO         3776    .ARM.Collect$$libshutdown$$0000000C  c_w.l(libshutdown2.o)
    0x08000166   0x08000166   0x00000000   Code   RO         3778    .ARM.Collect$$libshutdown$$0000000E  c_w.l(libshutdown2.o)
    0x08000166   0x08000166   0x00000000   Code   RO         3781    .ARM.Collect$$libshutdown$$00000011  c_w.l(libshutdown2.o)
    0x08000166   0x08000166   0x00000002   Code   RO         3782    .ARM.Collect$$libshutdown$$00000012  c_w.l(libshutdown2.o)
    0x08000168   0x08000168   0x00000000   Code   RO         3652    .ARM.Collect$$rtentry$$00000000  c_w.l(__rtentry.o)
    0x08000168   0x08000168   0x00000000   Code   RO         3665    .ARM.Collect$$rtentry$$00000002  c_w.l(__rtentry2.o)
    0x08000168   0x08000168   0x00000006   Code   RO         3677    .ARM.Collect$$rtentry$$00000004  c_w.l(__rtentry4.o)
    0x0800016e   0x0800016e   0x00000000   Code   RO         3667    .ARM.Collect$$rtentry$$00000009  c_w.l(__rtentry2.o)
    0x0800016e   0x0800016e   0x00000004   Code   RO         3668    .ARM.Collect$$rtentry$$0000000A  c_w.l(__rtentry2.o)
    0x08000172   0x08000172   0x00000000   Code   RO         3670    .ARM.Collect$$rtentry$$0000000C  c_w.l(__rtentry2.o)
    0x08000172   0x08000172   0x00000008   Code   RO         3671    .ARM.Collect$$rtentry$$0000000D  c_w.l(__rtentry2.o)
    0x0800017a   0x0800017a   0x00000002   Code   RO         3692    .ARM.Collect$$rtexit$$00000000  c_w.l(rtexit.o)
    0x0800017c   0x0800017c   0x00000000   Code   RO         3740    .ARM.Collect$$rtexit$$00000002  c_w.l(rtexit2.o)
    0x0800017c   0x0800017c   0x00000004   Code   RO         3741    .ARM.Collect$$rtexit$$00000003  c_w.l(rtexit2.o)
    0x08000180   0x08000180   0x00000006   Code   RO         3742    .ARM.Collect$$rtexit$$00000004  c_w.l(rtexit2.o)
    0x08000186   0x08000186   0x00000002   PAD
    0x08000188   0x08000188   0x00000040   Code   RO          325    .text               startup_stm32f10x_md.o
    0x080001c8   0x080001c8   0x00000002   Code   RO         3616    .text               c_w.l(use_no_semi_2.o)
    0x080001ca   0x080001ca   0x00000044   Code   RO         3618    .text               c_w.l(rt_memclr.o)
    0x0800020e   0x0800020e   0x00000006   Code   RO         3620    .text               c_w.l(heapauxi.o)
    0x08000214   0x08000214   0x00000002   Code   RO         3650    .text               c_w.l(use_no_semi.o)
    0x08000216   0x08000216   0x0000004e   Code   RO         3653    .text               c_w.l(rt_memclr_w.o)
    0x08000264   0x08000264   0x0000004a   Code   RO         3679    .text               c_w.l(sys_stackheap_outer.o)
    0x080002ae   0x080002ae   0x00000012   Code   RO         3681    .text               c_w.l(exit.o)
    0x080002c0   0x080002c0   0x00000008   Code   RO         3689    .text               c_w.l(libspace.o)
    0x080002c8   0x080002c8   0x00000016   Code   RO          375    i.ADC_Cmd           stm32f10x_adc.o
    0x080002de   0x080002de   0x00000002   PAD
    0x080002e0   0x080002e0   0x0000005c   Code   RO          377    i.ADC_DeInit        stm32f10x_adc.o
    0x0800033c   0x0800033c   0x00000014   Code   RO          383    i.ADC_GetCalibrationStatus  stm32f10x_adc.o
    0x08000350   0x08000350   0x00000008   Code   RO          384    i.ADC_GetConversionValue  stm32f10x_adc.o
    0x08000358   0x08000358   0x00000012   Code   RO          386    i.ADC_GetFlagStatus  stm32f10x_adc.o
    0x0800036a   0x0800036a   0x00000014   Code   RO          389    i.ADC_GetResetCalibrationStatus  stm32f10x_adc.o
    0x0800037e   0x0800037e   0x00000002   PAD
    0x08000380   0x08000380   0x00000050   Code   RO          393    i.ADC_Init          stm32f10x_adc.o
    0x080003d0   0x080003d0   0x000000b8   Code   RO          397    i.ADC_RegularChannelConfig  stm32f10x_adc.o
    0x08000488   0x08000488   0x0000000a   Code   RO          398    i.ADC_ResetCalibration  stm32f10x_adc.o
    0x08000492   0x08000492   0x00000016   Code   RO          400    i.ADC_SoftwareStartConvCmd  stm32f10x_adc.o
    0x080004a8   0x080004a8   0x0000000a   Code   RO          402    i.ADC_StartCalibration  stm32f10x_adc.o
    0x080004b2   0x080004b2   0x00000002   PAD
    0x080004b4   0x080004b4   0x00000024   Code   RO          404    i.ADC_TempSensorVrefintCmd  stm32f10x_adc.o
    0x080004d8   0x080004d8   0x00000094   Code   RO         3410    i.Adc_Init          adc.o
    0x0800056c   0x0800056c   0x00000038   Code   RO         3455    i.BUZZER_Init       led.o
    0x080005a4   0x080005a4   0x00000004   Code   RO          188    i.BusFault_Handler  stm32f10x_it.o
    0x080005a8   0x080005a8   0x00000078   Code   RO            1    i.CONTROL_Loop      main.o
    0x08000620   0x08000620   0x00000020   Code   RO         1034    i.DBGMCU_Config     stm32f10x_dbgmcu.o
    0x08000640   0x08000640   0x00000002   Code   RO          189    i.DebugMon_Handler  stm32f10x_it.o
    0x08000642   0x08000642   0x00000116   Code   RO         1484    i.GPIO_Init         stm32f10x_gpio.o
    0x08000758   0x08000758   0x00000004   Code   RO         1491    i.GPIO_ResetBits    stm32f10x_gpio.o
    0x0800075c   0x0800075c   0x00000004   Code   RO         1492    i.GPIO_SetBits      stm32f10x_gpio.o
    0x08000760   0x08000760   0x00000034   Code   RO         3411    i.Get_Adc           adc.o
    0x08000794   0x08000794   0x00000028   Code   RO         3412    i.Get_Adc_Average   adc.o
    0x080007bc   0x080007bc   0x00000004   Code   RO          190    i.HardFault_Handler  stm32f10x_it.o
    0x080007c0   0x080007c0   0x00000010   Code   RO         1796    i.IWDG_Enable       stm32f10x_iwdg.o
    0x080007d0   0x080007d0   0x00000008   Code   RO         3434    i.IWDG_Feed         iwdg.o
    0x080007d8   0x080007d8   0x00000024   Code   RO         3435    i.IWDG_Init         iwdg.o
    0x080007fc   0x080007fc   0x00000010   Code   RO         1798    i.IWDG_ReloadCounter  stm32f10x_iwdg.o
    0x0800080c   0x0800080c   0x0000000c   Code   RO         1799    i.IWDG_SetPrescaler  stm32f10x_iwdg.o
    0x08000818   0x08000818   0x0000000c   Code   RO         1800    i.IWDG_SetReload    stm32f10x_iwdg.o
    0x08000824   0x08000824   0x0000000c   Code   RO         1801    i.IWDG_WriteAccessCmd  stm32f10x_iwdg.o
    0x08000830   0x08000830   0x000000c4   Code   RO         3456    i.LED_Init          led.o
    0x080008f4   0x080008f4   0x00000004   Code   RO          191    i.MemManage_Handler  stm32f10x_it.o
    0x080008f8   0x080008f8   0x00000038   Code   RO         3474    i.MotorIO_Init      motor.o
    0x08000930   0x08000930   0x000000d4   Code   RO         3596    i.MotorPWM_Init     timer.o
    0x08000a04   0x08000a04   0x00000002   Code   RO          192    i.NMI_Handler       stm32f10x_it.o
    0x08000a06   0x08000a06   0x00000002   PAD
    0x08000a08   0x08000a08   0x00000070   Code   RO          329    i.NVIC_Init         misc.o
    0x08000a78   0x08000a78   0x00000014   Code   RO          330    i.NVIC_PriorityGroupConfig  misc.o
    0x08000a8c   0x08000a8c   0x00000002   Code   RO          193    i.PendSV_Handler    stm32f10x_it.o
    0x08000a8e   0x08000a8e   0x00000002   PAD
    0x08000a90   0x08000a90   0x00000018   Code   RO         1898    i.RCC_ADCCLKConfig  stm32f10x_rcc.o
    0x08000aa8   0x08000aa8   0x00000020   Code   RO         1900    i.RCC_APB1PeriphClockCmd  stm32f10x_rcc.o
    0x08000ac8   0x08000ac8   0x00000020   Code   RO         1902    i.RCC_APB2PeriphClockCmd  stm32f10x_rcc.o
    0x08000ae8   0x08000ae8   0x00000020   Code   RO         1903    i.RCC_APB2PeriphResetCmd  stm32f10x_rcc.o
    0x08000b08   0x08000b08   0x000000d4   Code   RO         1910    i.RCC_GetClocksFreq  stm32f10x_rcc.o
    0x08000bdc   0x08000bdc   0x00000010   Code   RO            2    i.Remoto_Task       main.o
    0x08000bec   0x08000bec   0x00000002   Code   RO          194    i.SVC_Handler       stm32f10x_it.o
    0x08000bee   0x08000bee   0x00000008   Code   RO          277    i.SetSysClock       system_stm32f10x.o
    0x08000bf6   0x08000bf6   0x00000002   PAD
    0x08000bf8   0x08000bf8   0x000000e0   Code   RO          278    i.SetSysClockTo72   system_stm32f10x.o
    0x08000cd8   0x08000cd8   0x00000034   Code   RO         3475    i.SingleMotorPower_LB  motor.o
    0x08000d0c   0x08000d0c   0x00000034   Code   RO         3476    i.SingleMotorPower_LF  motor.o
    0x08000d40   0x08000d40   0x00000034   Code   RO         3477    i.SingleMotorPower_RB  motor.o
    0x08000d74   0x08000d74   0x00000034   Code   RO         3478    i.SingleMotorPower_RF  motor.o
    0x08000da8   0x08000da8   0x00000008   Code   RO          195    i.SysTick_Handler   stm32f10x_it.o
    0x08000db0   0x08000db0   0x00000060   Code   RO          280    i.SystemInit        system_stm32f10x.o
    0x08000e10   0x08000e10   0x000000d4   Code   RO            3    i.TASK_1000MS       main.o
    0x08000ee4   0x08000ee4   0x00000058   Code   RO            4    i.TASK_100MS        main.o
    0x08000f3c   0x08000f3c   0x00000008   Code   RO            5    i.TASK_10MS         main.o
    0x08000f44   0x08000f44   0x00000002   Code   RO            6    i.TASK_1MS          main.o
    0x08000f46   0x08000f46   0x00000002   PAD
    0x08000f48   0x08000f48   0x000000d8   Code   RO            7    i.TASK_50MS         main.o
    0x08001020   0x08001020   0x00000018   Code   RO         2522    i.TIM_ARRPreloadConfig  stm32f10x_tim.o
    0x08001038   0x08001038   0x00000018   Code   RO         2534    i.TIM_Cmd           stm32f10x_tim.o
    0x08001050   0x08001050   0x0000001e   Code   RO         2536    i.TIM_CtrlPWMOutputs  stm32f10x_tim.o
    0x0800106e   0x0800106e   0x00000002   PAD
    0x08001070   0x08001070   0x00000098   Code   RO         2563    i.TIM_OC1Init       stm32f10x_tim.o
    0x08001108   0x08001108   0x00000012   Code   RO         2566    i.TIM_OC1PreloadConfig  stm32f10x_tim.o
    0x0800111a   0x0800111a   0x00000002   PAD
    0x0800111c   0x0800111c   0x000000a4   Code   RO         2568    i.TIM_OC2Init       stm32f10x_tim.o
    0x080011c0   0x080011c0   0x0000001a   Code   RO         2571    i.TIM_OC2PreloadConfig  stm32f10x_tim.o
    0x080011da   0x080011da   0x00000002   PAD
    0x080011dc   0x080011dc   0x000000a0   Code   RO         2573    i.TIM_OC3Init       stm32f10x_tim.o
    0x0800127c   0x0800127c   0x00000012   Code   RO         2576    i.TIM_OC3PreloadConfig  stm32f10x_tim.o
    0x0800128e   0x0800128e   0x00000002   PAD
    0x08001290   0x08001290   0x0000007c   Code   RO         2578    i.TIM_OC4Init       stm32f10x_tim.o
    0x0800130c   0x0800130c   0x0000001a   Code   RO         2580    i.TIM_OC4PreloadConfig  stm32f10x_tim.o
    0x08001326   0x08001326   0x00000004   Code   RO         2595    i.TIM_SetCompare1   stm32f10x_tim.o
    0x0800132a   0x0800132a   0x00000004   Code   RO         2596    i.TIM_SetCompare2   stm32f10x_tim.o
    0x0800132e   0x0800132e   0x00000004   Code   RO         2597    i.TIM_SetCompare3   stm32f10x_tim.o
    0x08001332   0x08001332   0x00000006   Code   RO         2598    i.TIM_SetCompare4   stm32f10x_tim.o
    0x08001338   0x08001338   0x000000a4   Code   RO         2605    i.TIM_TimeBaseInit  stm32f10x_tim.o
    0x080013dc   0x080013dc   0x0000001c   Code   RO         3300    i.USART1_IRQHandler  usart.o
    0x080013f8   0x080013f8   0x00000248   Code   RO         3301    i.USART2_IRQHandler  usart.o
    0x08001640   0x08001640   0x00000012   Code   RO         3066    i.USART_ClearFlag   stm32f10x_usart.o
    0x08001652   0x08001652   0x00000018   Code   RO         3070    i.USART_Cmd         stm32f10x_usart.o
    0x0800166a   0x0800166a   0x00000054   Code   RO         3074    i.USART_GetITStatus  stm32f10x_usart.o
    0x080016be   0x080016be   0x0000004a   Code   RO         3076    i.USART_ITConfig    stm32f10x_usart.o
    0x08001708   0x08001708   0x000000d8   Code   RO         3077    i.USART_Init        stm32f10x_usart.o
    0x080017e0   0x080017e0   0x0000000a   Code   RO         3084    i.USART_ReceiveData  stm32f10x_usart.o
    0x080017ea   0x080017ea   0x00000004   Code   RO          196    i.UsageFault_Handler  stm32f10x_it.o
    0x080017ee   0x080017ee   0x00000006   Code   RO         3302    i._sys_exit         usart.o
    0x080017f4   0x080017f4   0x000002b0   Code   RO         3480    i.car_state         motor.o
    0x08001aa4   0x08001aa4   0x000000ac   Code   RO            8    i.main              main.o
    0x08001b50   0x08001b50   0x00000058   Code   RO         3581    i.task_counter      task.o
    0x08001ba8   0x08001ba8   0x000000a4   Code   RO         3305    i.usart2_Init       usart.o
    0x08001c4c   0x08001c4c   0x000002b0   Code   RO         3625    x$fpl$ddiv          fz_ws.l(ddiv.o)
    0x08001efc   0x08001efc   0x0000005e   Code   RO         3628    x$fpl$dfix          fz_ws.l(dfix.o)
    0x08001f5a   0x08001f5a   0x00000026   Code   RO         3632    x$fpl$dfltu         fz_ws.l(dflt_clz.o)
    0x08001f80   0x08001f80   0x00000154   Code   RO         3638    x$fpl$dmul          fz_ws.l(dmul.o)
    0x080020d4   0x080020d4   0x0000009c   Code   RO         3655    x$fpl$dnaninf       fz_ws.l(dnaninf.o)
    0x08002170   0x08002170   0x0000000c   Code   RO         3657    x$fpl$dretinf       fz_ws.l(dretinf.o)
    0x0800217c   0x0800217c   0x00000056   Code   RO         3640    x$fpl$f2d           fz_ws.l(f2d.o)
    0x080021d2   0x080021d2   0x00000002   PAD
    0x080021d4   0x080021d4   0x00000030   Code   RO         3643    x$fpl$fflt          fz_ws.l(fflt_clz.o)
    0x08002204   0x08002204   0x00000026   Code   RO         3642    x$fpl$ffltu         fz_ws.l(fflt_clz.o)
    0x0800222a   0x0800222a   0x00000002   PAD
    0x0800222c   0x0800222c   0x00000102   Code   RO         3648    x$fpl$fmul          fz_ws.l(fmul.o)
    0x0800232e   0x0800232e   0x0000008c   Code   RO         3659    x$fpl$fnaninf       fz_ws.l(fnaninf.o)
    0x080023ba   0x080023ba   0x0000000a   Code   RO         3661    x$fpl$fretinf       fz_ws.l(fretinf.o)
    0x080023c4   0x080023c4   0x00000000   Code   RO         3663    x$fpl$usenofp       fz_ws.l(usenofp.o)
    0x080023c4   0x080023c4   0x00000020   Data   RO         3814    Region$$Table       anon$$obj.o


    Execution Region RW_IRAM1 (Exec base: 0x20000000, Load base: 0x080023e4, Size: 0x00000810, Max: 0x00005000, ABSOLUTE)

    Exec Addr    Load Addr    Size         Type   Attr      Idx    E Section Name        Object

    0x20000000   0x080023e4   0x00000038   Data   RW            9    .data               main.o
    0x20000038   0x0800241c   0x00000014   Data   RW          281    .data               system_stm32f10x.o
    0x2000004c   0x08002430   0x00000014   Data   RW         1930    .data               stm32f10x_rcc.o
    0x20000060   0x08002444   0x0000001a   Data   RW         3307    .data               usart.o
    0x2000007a   0x0800245e   0x00000002   PAD
    0x2000007c   0x08002460   0x0000003c   Data   RW         3481    .data               motor.o
    0x200000b8   0x0800249c   0x00000018   Data   RW         3582    .data               task.o
    0x200000d0        -       0x000000dc   Zero   RW         3306    .bss                usart.o
    0x200001ac        -       0x00000060   Zero   RW         3690    .bss                c_w.l(libspace.o)
    0x2000020c   0x080024b4   0x00000004   PAD
    0x20000210        -       0x00000200   Zero   RW          323    HEAP                startup_stm32f10x_md.o
    0x20000410        -       0x00000400   Zero   RW          322    STACK               startup_stm32f10x_md.o


==============================================================================

Image component sizes


      Code (inc. data)   RO Data    RW Data    ZI Data      Debug   Object Name

       240         16          0          0          0       1675   adc.o
         0          0          0          0          0         32   core_cm3.o
        44          0          0          0          0        936   iwdg.o
       252         22          0          0          0        989   led.o
       834        122          0         56          0     280017   main.o
       132         22          0          0          0       1455   misc.o
       952         90          0         60          0       5271   motor.o
        64         26        236          0       1536        776   startup_stm32f10x_md.o
       522         30          0          0          0       8785   stm32f10x_adc.o
        32          6          0          0          0        532   stm32f10x_dbgmcu.o
       286          0          0          0          0       2928   stm32f10x_gpio.o
        32          0          0          0          0       3530   stm32f10x_it.o
        68         30          0          0          0       2334   stm32f10x_iwdg.o
       332         44          0         20          0       5374   stm32f10x_rcc.o
       948         92          0          0          0       9789   stm32f10x_tim.o
       426          6          0          0          0       5372   stm32f10x_usart.o
       328         28          0         20          0       1965   system_stm32f10x.o
        88         26          0         24          0        827   task.o
       212         10          0          0          0        740   timer.o
       782         62          0         26        220       4730   usart.o

    ----------------------------------------------------------------------
      6596        632        268        208       1756     338057   Object Totals
         0          0         32          0          0          0   (incl. Generated)
        22          0          0          2          0          0   (incl. Padding)

    ----------------------------------------------------------------------

      Code (inc. data)   RO Data    RW Data    ZI Data      Debug   Library Member Name

         8          0          0          0          0         68   __main.o
         0          0          0          0          0          0   __rtentry.o
        12          0          0          0          0          0   __rtentry2.o
         6          0          0          0          0          0   __rtentry4.o
        52          8          0          0          0          0   __scatter.o
        26          0          0          0          0          0   __scatter_copy.o
        28          0          0          0          0          0   __scatter_zi.o
        18          0          0          0          0         80   exit.o
         6          0          0          0          0        152   heapauxi.o
         2          0          0          0          0          0   libinit.o
         2          0          0          0          0          0   libinit2.o
         2          0          0          0          0          0   libshutdown.o
         2          0          0          0          0          0   libshutdown2.o
         8          4          0          0         96         68   libspace.o
        68          0          0          0          0         68   rt_memclr.o
        78          0          0          0          0         80   rt_memclr_w.o
         2          0          0          0          0          0   rtexit.o
        10          0          0          0          0          0   rtexit2.o
        74          0          0          0          0         80   sys_stackheap_outer.o
         2          0          0          0          0         68   use_no_semi.o
         2          0          0          0          0         68   use_no_semi_2.o
       688        140          0          0          0        208   ddiv.o
        94          4          0          0          0         92   dfix.o
        38          0          0          0          0         68   dflt_clz.o
       340         12          0          0          0        104   dmul.o
       156          4          0          0          0         92   dnaninf.o
        12          0          0          0          0         68   dretinf.o
        86          4          0          0          0         84   f2d.o
        86          0          0          0          0        136   fflt_clz.o
       258          4          0          0          0         84   fmul.o
       140          4          0          0          0         84   fnaninf.o
        10          0          0          0          0         68   fretinf.o
         0          0          0          0          0          0   usenofp.o

    ----------------------------------------------------------------------
      2324        184          0          0        100       1820   Library Totals
         8          0          0          0          4          0   (incl. Padding)

    ----------------------------------------------------------------------

      Code (inc. data)   RO Data    RW Data    ZI Data      Debug   Library Name

       408         12          0          0         96        732   c_w.l
      1908        172          0          0          0       1088   fz_ws.l

    ----------------------------------------------------------------------
      2324        184          0          0        100       1820   Library Totals

    ----------------------------------------------------------------------

==============================================================================


      Code (inc. data)   RO Data    RW Data    ZI Data      Debug   

      8920        816        268        208       1856     334569   Grand Totals
      8920        816        268        208       1856     334569   ELF Image Totals
      8920        816        268        208          0          0   ROM Totals

==============================================================================

    Total RO  Size (Code + RO Data)                 9188 (   8.97kB)
    Total RW  Size (RW Data + ZI Data)              2064 (   2.02kB)
    Total ROM Size (Code + RO Data + RW Data)       9396 (   9.18kB)

==============================================================================

