<html>
<body>
<pre>
<h1>礦ision Build Log</h1>
<h2>Tool Versions:</h2>
IDE-Version: μVision V5.36.0.0
Copyright (C) 2021 ARM Ltd and ARM Germany GmbH. All rights reserved.
License Information: 1 1, 1, LIC=BUURY-ITCRS-PCDJ8-3MK3L-48UHW-4IF2I
 
Tool Versions:
Toolchain:       MDK-ARM Plus  Version: 5.36.0.0
Toolchain Path:  C:\Keil_v5\ARM\ARMCC\Bin
C Compiler:      Armcc.exe V5.06 update 7 (build 960)
Assembler:       Armasm.exe V5.06 update 7 (build 960)
Linker/Locator:  ArmLink.exe V5.06 update 7 (build 960)
Library Manager: ArmAr.exe V5.06 update 7 (build 960)
Hex Converter:   FromElf.exe V5.06 update 7 (build 960)
CPU DLL:         SARMCM3.DLL V5.36.0.0
Dialog DLL:      DCM.DLL V1.17.3.0
Target DLL:      STLink\ST-LINKIII-KEIL_SWO.dll V3.0.9.0
Dialog DLL:      TCM.DLL V1.53.0.0
 
<h2>Project:</h2>
D:\WorkSpace\Delay dump\定时水泵\USER\try1.uvprojx
Project File Date:  07/23/2023

<h2>Output:</h2>
*** Using Compiler 'V5.06 update 7 (build 960)', folder: 'C:\Keil_v5\ARM\ARMCC\Bin'
Build target 'temblate'
compiling iwdg.c...
compiling task.c...
compiling led.c...
compiling timer.c...
compiling main.c...
main.c(31): warning:  #177-D: variable "CommDir"  was declared but never referenced
      static uint8_t CommDir = 0;    // 通讯方向 send 1  recv 0
main.c(32): warning:  #177-D: variable "SendStatus"  was declared but never referenced
      static uint8_t SendStatus = 0; // 通讯方向 send 1  recv 0
main.c(34): warning:  #177-D: variable "NrfRxTimeout"  was declared but never referenced
      static int NrfRxTimeout = 0; // 600ms
main.c(35): warning:  #177-D: variable "vx"  was declared but never referenced
      static int vx, vy;
main.c(35): warning:  #177-D: variable "vy"  was declared but never referenced
      static int vx, vy;
main.c(42): warning:  #177-D: variable "NrfRxTimeout"  was declared but never referenced
      static int NrfRxTimeout = 0; // 600ms
main.c(43): warning:  #177-D: variable "vx"  was declared but never referenced
      static int vx, vy;
main.c(43): warning:  #177-D: variable "vy"  was declared but never referenced
      static int vx, vy;
main.c: 8 warnings, 0 errors
linking...
Program Size: Code=8924 RO-data=268 RW-data=208 ZI-data=1856  
FromELF: creating hex file...
"..\OBJ\try1.axf" - 0 Error(s), 8 Warning(s).

<h2>Software Packages used:</h2>

Package Vendor: Keil
                http://www.keil.com/pack/Keil.CS32F1xx_DFP.1.0.0.pack
                Keil.CS32F1xx_DFP.1.0.0
                CKS CS32F1 Series Device Support, Drivers

<h2>Collection of Component include folders:</h2>
  C:\Keil_v5\ARM\PACK\Keil\CS32F1xx_DFP\1.0.0\Device\Include

<h2>Collection of Component Files used:</h2>
Build Time Elapsed:  00:00:01
</pre>
</body>
</html>
